11-29 18:25:52.266 12373 12373 I HardKeyTracker: HardKeyTracker.registerKeySequence():170 Register key sequence nke{labelResId=2132020515, callback=cil@a787ca4, lastModifier=0, keyCodes=[317], actions=[0]}
11-29 18:25:52.270 12373 12373 I VoiceInputManagerWrapper: VoiceInputManagerWrapper.cancelShutdown():109 cancelShutdown()
11-29 18:25:52.270 12373 12373 I VoiceInputManagerWrapper: VoiceInputManagerWrapper.syncLanguagePacks():121 syncLanguagePacks()
11-29 18:25:52.274 12373 12373 I AudioFocusHandler: AudioFocusHandler.initializeAudioFocusRequest():198 AudioAttributes: AudioAttributes: usage=USAGE_VOICE_COMMUNICATION content=CONTENT_TYPE_SPEECH flags=0x800(FLAG_MUTE_HAPTIC)  tags= bundle=null
11-29 18:25:52.276 12373 12373 I VoiceInputManager: VoiceInputManager.onKeyboardActivated():1206 onKeyboardActivated() [UD]
11-29 18:25:52.276 12373 14460 I SpeechFactory: SpeechRecognitionFactory.maybeScheduleAutoPackDownloadForFallback():217 maybeScheduleAutoPackDownloadForFallback()
11-29 18:25:52.276 12373 14460 I FallbackOnDeviceRecognitionProvider: FallbackOnDeviceRecognitionProvider.maybeScheduleAutoPackDownload():205 maybeScheduleAutoPackDownload() for language tag en-US
11-29 18:25:52.280 12373 12373 I PkModeUpdater: PkModeUpdater.onActivate():74 onActivate true true
11-29 18:25:52.283 12373 12373 I AccessoryInputModeManager: AccessoryInputModeManager.onModeStarted():318 Accessory input mode started: STYLUS
11-29 18:25:52.288 12373 12373 W ExtensionWrapper: ExtensionWrapper.setAllowUpdateNavigationBarStyle():820 class jte is not activate
11-29 18:25:52.288 12373 12373 I WidgetViewShowingController: WidgetViewShowingController.showWidgetKeyboardInternal():532 Show companion widget
11-29 18:25:52.311 12373 12373 W ExtensionWrapper: ExtensionWrapper.setAllowUpdateNavigationBarStyle():820 class jte is not activate
11-29 18:25:52.311 12373 12373 I WidgetViewShowingPositionHandler: WidgetViewShowingPositionHandler.updateAvailableArea():199 update available area Rect(21, 84 - 1059, 2333)
11-29 18:25:52.331 12373 12373 I HardKeyTracker: HardKeyTracker.unregisterKeySequence():221 Unregister key sequence nke{labelResId=2132020520, callback=cil@835c7b5, lastModifier=2, keyCodes=[32], actions=[0]}
11-29 18:25:52.331 12373 12373 I HardKeyTracker: HardKeyTracker.unregisterKeySequence():221 Unregister key sequence nke{labelResId=2132020520, callback=cil@cbd5e4a, lastModifier=0, keyCodes=[319], actions=[0]}
11-29 18:25:52.341 12373 12373 W NotificationCenter: NotificationCenter$NotificationQueue.notifyPendingNotificationsOnExecutor():877 Heavy notify work detected on UI thread: [juz->jta] takes 58ms
11-29 18:25:52.345 12373 12373 I KeyboardModeUtils: KeyboardModeUtils.getKeyboardBottomOffset():435 inch: 0.000000 ydpi: 420.000000 adjustKeyboardBottomByDisplaySize: false currentDensityDpi: 420 defaultDensityDpi: 420 keyboardBottomToScreenPx: 0 keyboardBottomToNavBarPx: -63 navBarHeight: 63
11-29 18:25:52.346 12373 12373 I KeyboardHeightUtil: KeyboardHeightUtil.calculateMaxKeyboardBodyHeight():50 leave 281 height for app when ime window height:2274, header height:116 and isFullscreenMode:false, so the max keyboard body height is:1877
11-29 18:25:52.346 12373 12373 I KeyboardHeightUtil: KeyboardHeightUtil.calculateMaxKeyboardBodyHeight():50 leave 281 height for app when ime window height:2274, header height:116 and isFullscreenMode:false, so the max keyboard body height is:1877
11-29 18:25:52.346 12373 12373 I KeyboardHeightUtil: KeyboardHeightUtil.calculateMaxKeyboardBodyHeight():50 leave 281 height for app when ime window height:2274, header height:116 and isFullscreenMode:false, so the max keyboard body height is:1877
11-29 18:25:52.347 12373 12373 I KeyboardHeightUtil: KeyboardHeightUtil.calculateMaxKeyboardBodyHeight():50 leave 281 height for app when ime window height:2274, header height:116 and isFullscreenMode:false, so the max keyboard body height is:1877
11-29 18:25:52.349 12373 12373 W NormalModeController: NormalModeController.adjustKeyboardBodyHeightRatio():216 Invalid height ratio from decoder -1.000000!
11-29 18:25:52.349 12373 12373 W ExtensionWrapper: ExtensionWrapper.setExtensionViewVisibility():811 interface mej is not activate
11-29 18:25:52.359 12373 12373 I Module  : DeviceLockedStatusModuleProvider$Module.updateDeviceLockedStatus():103 repeatCheckTimes = 1, locked = false
11-29 18:25:52.360 12373 12373 I HardKeyTracker: HardKeyTracker.unregisterKeySequence():221 Unregister key sequence nke{labelResId=2132020515, callback=cil@1d96923, lastModifier=2, keyCodes=[56], actions=[0]}
11-29 18:25:52.360 12373 12373 I HardKeyTracker: HardKeyTracker.unregisterKeySequence():221 Unregister key sequence nke{labelResId=2132020515, callback=cil@bac9e20, lastModifier=0, keyCodes=[317], actions=[0]}
11-29 18:25:52.360 12373 12373 I HardKeyTracker: HardKeyTracker.registerKeySequence():170 Register key sequence nke{labelResId=2132020515, callback=cil@b9fbe0b, lastModifier=2, keyCodes=[56], actions=[0]}
11-29 18:25:52.360 12373 12373 I HardKeyTracker: HardKeyTracker.registerKeySequence():170 Register key sequence nke{labelResId=2132020515, callback=cil@66d74e8, lastModifier=0, keyCodes=[317], actions=[0]}
11-29 18:25:52.362 12373 12373 I VoiceImeExtension: VoiceImeExtension.shouldStartVoiceInputAutomaticallyInCurrentInputBox():378 No private IME option set to start voice input.
11-29 18:25:52.365 12373 26453 I SystemHapticSettings: SystemHapticSettings.updateSystemVibrationState():117 update vibration state: true
11-29 18:25:52.369 26623 26623 D WindowOnBackDispatcher: setTopOnBackInvokedCallback (unwrapped): android.view.ImeBackAnimationController@d22157c
11-29 18:25:52.372  1753  1753 D BoundBrokerSvc: onBind: Intent { act=com.google.firebase.dynamiclinks.service.START xflg=0x4 pkg=com.google.android.gms }
11-29 18:25:52.373  1753  1753 D BoundBrokerSvc: Loading bound service for intent: Intent { act=com.google.firebase.dynamiclinks.service.START xflg=0x4 pkg=com.google.android.gms }
11-29 18:25:52.377 12373 12373 I StylusModule: StylusModule.onUpdateToolType():799 Update tool type = 0
11-29 18:25:52.465 12373 12373 I Delight5Decoder: Delight5DecoderWrapper.setKeyboardLayout():536 setKeyboardLayout()
11-29 18:25:52.597 12373 12373 W TooltipLifecycleManager: TooltipLifecycleManager.dismissTooltips():153 Tooltip with id SUGGESTION_VIEW_EDU_MINI_DIALOG not found in tooltipManager.
11-29 18:25:52.603 12373 12373 I Choreographer: Skipped 51 frames!  The application may be doing too much work on its main thread.
11-29 18:25:52.879 26623 26670 D ProfileInstaller: Installing profile for com.example.lab6_lab4_rimantek
11-29 18:25:53.065 12373 12466 I HWUI    : Davey! duration=1287ms; Flags=1, FrameTimelineVsyncId=544946, IntendedVsync=59549412043214, Vsync=59550262043180, InputEventId=0, HandleInputStart=59550270389860, AnimationStart=59550270640360, PerformTraversalsStart=59550271749060, DrawStart=59550429291060, FrameDeadline=59549428709880, FrameStartTime=59550269272560, FrameInterval=16666666, WorkloadTarget=16666666, SyncQueued=59550557939260, SyncStart=59550571543660, IssueDrawCommandsStart=59550576377560, SwapBuffers=59550679345960, FrameCompleted=59550712952760, DequeueBufferDuration=250200, QueueBufferDuration=514400, GpuCompleted=59550712952760, SwapBuffersCompleted=59550699622660, DisplayPresentTime=0, CommandSubmissionCompleted=59550679345960,
11-29 18:25:53.083 12373 12373 I GoogleInputMethodService: GoogleInputMethodService$1.onKeyboardViewShown():324 onKeyboardViewShown: keyboardType=accessory, keyboardViewType=HEADER keyboardView=null
11-29 18:25:53.085 12373 12373 W Keyboard: Keyboard.getKeyboardViewHelper():602 null helper is returned: keyboardDef=mpa{processedConditions={}, globalConditions={}, className=com.google.android.libraries.inputmethod.keyboard.impl.Keyboard, resourceIds=[#0x7f17004d], initialStates=0, keyboardViewDefs=[], persistentStates=0, persistentStatesPrefKey=null, popupBubbleLayoutId=0, recentKeyLayoutId=0, recentKeyPopupLayoutId=0, recentKeyType=null, rememberRecentKey=NONE, sessionStates=0}, type=BODY, helpersCreated={}, context.getResources().getConfiguration(): {1.0 310mcc260mnc [en_US] ldltr sw411dp w411dp h914dp 420dpi nrml long compactNeeded port finger qwerty/v/v dpad/v winConfig={ mBounds=Rect(0, 0 - 1080, 2400) mAppBounds=Rect(0, 0 - 1080, 2400) mMaxBounds=Rect(0, 0 - 1080, 2400) mDisplayRotation=ROTATION_0 mWindowingMode=fullscreen mActivityType=undefined mAlwaysOnTop=undefined mRotation=ROTATION_0} s.109 fontWeightAdjustment=0}
11-29 18:25:53.086 12373 12373 I GoogleInputMethodService: GoogleInputMethodService$1.onKeyboardViewShown():324 onKeyboardViewShown: keyboardType=accessory, keyboardViewType=BODY keyboardView=null
11-29 18:25:53.087 12373 12373 W Keyboard: Keyboard.getKeyboardViewHelper():602 null helper is returned: keyboardDef=mpa{processedConditions={}, globalConditions={}, className=com.google.android.libraries.inputmethod.keyboard.impl.Keyboard, resourceIds=[#0x7f17004d], initialStates=0, keyboardViewDefs=[], persistentStates=0, persistentStatesPrefKey=null, popupBubbleLayoutId=0, recentKeyLayoutId=0, recentKeyPopupLayoutId=0, recentKeyType=null, rememberRecentKey=NONE, sessionStates=0}, type=BODY, helpersCreated={}, context.getResources().getConfiguration(): {1.0 310mcc260mnc [en_US] ldltr sw411dp w411dp h914dp 420dpi nrml long compactNeeded port finger qwerty/v/v dpad/v winConfig={ mBounds=Rect(0, 0 - 1080, 2400) mAppBounds=Rect(0, 0 - 1080, 2400) mMaxBounds=Rect(0, 0 - 1080, 2400) mDisplayRotation=ROTATION_0 mWindowingMode=fullscreen mActivityType=undefined mAlwaysOnTop=undefined mRotation=ROTATION_0} s.109 fontWeightAdjustment=0}
11-29 18:25:53.098 12373 12373 W TooltipLifecycleManager: TooltipLifecycleManager.dismissTooltips():153 Tooltip with id spell_check_add_to_dictionary not found in tooltipManager.
11-29 18:25:53.109 12373 12373 W InputContextProxy: InputContextProxy.applyClientDiffInternal():933 Ignore [FetchSuggestions] diff due to stale request: 3042<3044, inputStateId=2463, lastInputStateId=2464
11-29 18:25:53.120 26623 26672 W InteractionJankMonitor: Initializing without READ_DEVICE_CONFIG permission. enabled=false, interval=1, missedFrameThreshold=3, frameTimeThreshold=64, package=com.example.lab6_lab4_rimantek
11-29 18:25:53.125 12373 12373 I ProactiveSuggestionsHolderManager: ProactiveSuggestionsHolderManager$2.display():226 Requesting to show proactive suggestions: CLIPBOARD PREEMPTIVE in HEADER
11-29 18:25:53.125 12373 12373 I ProactiveSuggestionsHolderManager: ProactiveSuggestionsHolderManager$2.display():245 suggestions CLIPBOARD are pending to show on HEADER
11-29 18:25:53.125 12373 12373 I ProactiveSuggestionsHolderManager: ProactiveSuggestionsHolderManager$2.display():226 Requesting to show proactive suggestions: CLIPBOARD PREEMPTIVE in FLOATING_CANDIDATES
11-29 18:25:53.128 12373 12373 I ProactiveSuggestionsHolderManager: ProactiveSuggestionsHolderManager$2.display():226 Requesting to show proactive suggestions: CLIPBOARD PREEMPTIVE in WIDGET
11-29 18:25:53.128 12373 12373 I ProactiveSuggestionsHolderManager: ProactiveSuggestionsHolderManager$2.display():245 suggestions CLIPBOARD are pending to show on WIDGET
11-29 18:25:53.132 12373 12373 W TooltipLifecycleManager: TooltipLifecycleManager.dismissTooltips():153 Tooltip with id SUGGESTION_VIEW_EDU_MINI_DIALOG not found in tooltipManager.
11-29 18:25:53.140 12373 12373 W AndroidSpellCheckerService: AndroidSpellCheckerService.initialize():72 initialize...
11-29 18:25:53.141 12373 12373 I ShortcutsDataManager: ShortcutsDataManager.onContentChanged():72 onContentChanged()
11-29 18:25:53.143 12373 12373 I ContactsDataManager: ContactsDataManager.onContentChanged():153 onContentChanged()
11-29 18:25:53.143 12373 12373 W AndroidSpellCheckerService: AndroidSpellCheckerService.initialize():82 initialize...done
11-29 18:25:53.152 12373 12373 W InputContextProxy: InputContextProxy.applyClientDiffInternal():933 Ignore [FetchSuggestions] diff due to stale request: 3044<3046, inputStateId=2465, lastInputStateId=2466
11-29 18:25:53.154 12373 12466 I AndroidSpellCheckerService: AndroidSpellCheckerService.createSession():138 com.google.android.keyboard.client.delight5.LanguageIdentifier@f0edea9 is created
11-29 18:25:53.269 12373 12373 W TooltipLifecycleManager: TooltipLifecycleManager.dismissTooltips():153 Tooltip with id SUGGESTION_VIEW_EDU_MINI_DIALOG not found in tooltipManager.
11-29 18:25:53.271 12373 12373 W InputContextProxy: InputContextProxy.applyClientDiffInternal():933 Ignore [FetchSuggestions] diff due to stale request: 3046<3047, inputStateId=2467, lastInputStateId=2468
11-29 18:25:53.310 12373 12373 W TooltipLifecycleManager: TooltipLifecycleManager.dismissTooltips():153 Tooltip with id SUGGESTION_VIEW_EDU_MINI_DIALOG not found in tooltipManager.
11-29 18:25:53.339 26623 26623 I ImeTracker: com.example.lab6_lab4_rimantek:71264ccc: onShown
11-29 18:25:53.357 12373 12440 I native  : I0000 00:00:1764433553.351988   12440 input-context-store.cc:340] Ignoring stale client request for FetchSuggestions
11-29 18:25:53.412 12373 12373 W TooltipLifecycleManager: TooltipLifecycleManager.dismissTooltips():153 Tooltip with id SUGGESTION_VIEW_EDU_MINI_DIALOG not found in tooltipManager.
11-29 18:25:53.418 12373 12373 W InputContextProxy: InputContextProxy.applyClientDiffInternal():933 Ignore [FetchSuggestions] diff due to stale request: 3048<3052, inputStateId=2469, lastInputStateId=2471
11-29 18:25:53.460 12373 12373 W TooltipLifecycleManager: TooltipLifecycleManager.dismissTooltips():153 Tooltip with id SUGGESTION_VIEW_EDU_MINI_DIALOG not found in tooltipManager.
11-29 18:25:53.495 12373 12373 W TooltipLifecycleManager: TooltipLifecycleManager.dismissTooltips():153 Tooltip with id SUGGESTION_VIEW_EDU_MINI_DIALOG not found in tooltipManager.
11-29 18:25:53.532 12373 12440 I native  : I0000 00:00:1764433553.529907   12440 input-context-store.cc:262] Ignoring stale client request for OverrideDecodedCandidates
11-29 18:25:53.540 12373 12373 W TooltipLifecycleManager: TooltipLifecycleManager.dismissTooltips():153 Tooltip with id SUGGESTION_VIEW_EDU_MINI_DIALOG not found in tooltipManager.
11-29 18:25:53.543 12373 12373 W InputContextProxy: InputContextProxy.applyClientDiffInternal():933 Ignore [FetchSuggestions] diff due to stale request: 3052<3057, inputStateId=0, lastInputStateId=2475
11-29 18:25:53.574 12373 12490 I tflite  : Replacing 131 out of 337 node(s) with delegate (TfLiteXNNPackDelegate) node, yielding 66 partitions for subgraph 0.
11-29 18:25:53.578 12373 12440 I native  : I0000 00:00:1764433553.574115   12440 input-context-store.cc:340] Ignoring stale client request for FetchSuggestions
11-29 18:25:53.581 12373 12373 W InputContextProxy: InputContextProxy.applyClientDiffInternal():933 Ignore [FetchSuggestions] diff due to stale request: 3056<3058, inputStateId=2475, lastInputStateId=2475
11-29 18:25:53.594 12373 12490 I tflite  : Replacing 18 out of 53 node(s) with delegate (TfLiteXNNPackDelegate) node, yielding 13 partitions for subgraph 0.
11-29 18:25:53.605 12373 12373 W TooltipLifecycleManager: TooltipLifecycleManager.dismissTooltips():153 Tooltip with id SUGGESTION_VIEW_EDU_MINI_DIALOG not found in tooltipManager.
11-29 18:25:53.616 12373 12373 W InputContextProxy: InputContextProxy.applyClientDiffInternal():933 Ignore [FetchSuggestions] diff due to stale request: 3058<3060, inputStateId=2476, lastInputStateId=2477
11-29 18:25:53.617 12373 12490 I tflite  : Replacing 41 out of 87 node(s) with delegate (TfLiteXNNPackDelegate) node, yielding 21 partitions for subgraph 0.
11-29 18:25:53.630 26623 26623 I ViewInteraction: Performing 'close keyboard' action on view view.getId() is <2131231056/com.example.lab6_lab4_rimantek:id/noteTitleEditText>
11-29 18:25:53.633 26623 26623 D IdlingRegistry: Registering idling resources: [androidx.test.espresso.action.CloseKeyboardAction$CloseKeyboardIdlingResult@48ceab0]
11-29 18:25:53.634 26623 26623 I ImeTracker: com.example.lab6_lab4_rimantek:a7162358: onRequestHide at ORIGIN_CLIENT reason HIDE_SOFT_INPUT fromUser false
11-29 18:25:53.634 26623 26623 D WindowOnBackDispatcher: setTopOnBackInvokedCallback (unwrapped): android.app.Activity$$ExternalSyntheticLambda0@895b4c0
11-29 18:25:53.635 26623 26623 D CompatChangeReporter: Compat change id reported: 395521150; UID 10244; state: ENABLED
11-29 18:25:53.850   831  1655 I ImeTracker: system_server:f250c9ca: onRequestHide at ORIGIN_SERVER reason IME_REQUESTED_CHANGED_LISTENER fromUser false
11-29 18:25:53.856 12373 12373 I GoogleInputMethodService: GoogleInputMethodService.onFinishInputView():1570 onFinishInputView(false)
11-29 18:25:53.856 12373 12373 I GlobeKeyExtension: GlobeKeyExtension.onDeactivate():144
11-29 18:25:53.861 12373 12373 I VoiceInputManagerWrapper: VoiceInputManagerWrapper.shutdown():131 shutdown()
11-29 18:25:53.861 12373 12373 W ExtensionWrapper: ExtensionWrapper.setAllowUpdateNavigationBarStyle():820 class jte is not activate
11-29 18:25:53.863 12373 12373 W ExtensionWrapper: ExtensionWrapper.setAllowUpdateNavigationBarStyle():820 class jte is not activate
11-29 18:25:53.866 12373 12373 W TooltipLifecycleManager: TooltipLifecycleManager.dismissTooltips():153 Tooltip with id spell_check_add_to_dictionary not found in tooltipManager.
11-29 18:25:53.867 12373 12373 I InputBundle: InputBundle.consumeEvent():1033 Skip consuming an event as keyboard status is INACTIVE
11-29 18:25:53.871 12373 12373 I AndroidIME: AbstractIme.onDeactivate():216 LatinIme.onDeactivate()
11-29 18:25:53.871 12373 12437 W ModuleManager: ModuleManager.loadModule():572 Module ofi is not available
11-29 18:25:53.878 12373 12373 I ImeTracker: system_server:f250c9ca: onHidden
11-29 18:25:53.878 12373 12437 I OnDeviceWmrCalculator: OnDeviceWmrCalculator.calculateWmr():94 WMR: 0.0000 (0 / 2)
11-29 18:25:53.890   831   871 I ImeTracker: system_server:f50aef94: onRequestShow at ORIGIN_SERVER reason CONTROLS_CHANGED fromUser false
11-29 18:25:53.893 26623 26623 I ImeTracker: system_server:f50aef94: onCancelled at PHASE_CLIENT_ON_CONTROLS_CHANGED
11-29 18:25:53.903   587  2515 D android.hardware.audio@7.1-impl.ranchu: threadLoop: entering standby, frames: 24447360
11-29 18:25:53.904   587  2515 D android.hardware.audio@7.1-impl.ranchu: ~TinyalsaSink: joining consumeThread
11-29 18:25:53.909   587 26660 D android.hardware.audio@7.1-impl.ranchu: consumeThread: exiting
11-29 18:25:53.909   587  2515 D android.hardware.audio@7.1-impl.ranchu: ~TinyalsaSink: stopping PCM stream
11-29 18:25:53.943 26623 26623 D IdlingRegistry: Unregistering idling resources: [androidx.test.espresso.action.CloseKeyboardAction$CloseKeyboardIdlingResult@48ceab0]
11-29 18:25:53.963 26623 26623 I ViewInteraction: Performing 'type text(This is the body.)' action on view view.getId() is <2131231055/com.example.lab6_lab4_rimantek:id/noteContentEditText>
11-29 18:25:54.030 26623 26623 D AutofillManager: view not autofillable - has multiline input type
11-29 18:25:54.044 26623 26623 I AutofillManager: showAutofillDialog() return false due to improve fill dialog
11-29 18:25:54.050 26623 26623 I ImeTracker: com.example.lab6_lab4_rimantek:aa73248c: onRequestShow at ORIGIN_CLIENT reason SHOW_SOFT_INPUT fromUser true
11-29 18:25:54.062 12373 12373 I GoogleInputMethodService: GoogleInputMethodService.onFinishInput():2084
11-29 18:25:54.067 12373 12373 I Module  : DeviceLockedStatusModuleProvider$Module.updateDeviceLockedStatus():103 repeatCheckTimes = 0, locked = false
11-29 18:25:54.076 12373 12373 W TooltipLifecycleManager: TooltipLifecycleManager.dismissTooltips():153 Tooltip with id SUGGESTION_VIEW_EDU_MINI_DIALOG not found in tooltipManager.
11-29 18:25:54.076 26623 26623 W RemoteInputConnectionImpl: requestCursorUpdates on inactive InputConnection
11-29 18:25:54.076 12373 12373 I GoogleInputMethodService: GoogleInputMethodService.onStartInput():1345 onStartInput(EditorInfo{EditorInfo{packageName=com.example.lab6_lab4_rimantek, inputType=20001, inputTypeString=Normal[MultiLine], enableLearning=true, autoCorrection=true, autoComplete=true, imeOptions=44000006, privateImeOptions=null, actionName=DONE, actionLabel=null, initialSelStart=0, initialSelEnd=0, initialCapsMode=0, label=null, fieldId=2131231055, fieldName=null, extras=Bundle[mParcelledData.dataSize=404], hintText=non-empty, hintLocales=[]}}, false)
11-29 18:25:54.084 12373 12373 I Module  : DeviceLockedStatusModuleProvider$Module.updateDeviceLockedStatus():103 repeatCheckTimes = 1, locked = false
11-29 18:25:54.089 12373 12373 I ShortcutsDataManager: AbstractContentDataManager.startImportContentTask():241 startImportContentTask()
11-29 18:25:54.092 12373 12443 I ShortcutsDataManager: AbstractContentDataManager$ImportContentTask.doInBackground():257 doInBackground()
11-29 18:25:54.092 12373 12443 I PersonalDictionaryDataHandler: PersonalDictionaryDataHandler.beginProcess():114 LanguageTags = [en-US]
11-29 18:25:54.104 12373 12373 I StylusModule: StylusModule.onUpdateToolType():799 Update tool type = 2
11-29 18:25:54.106 12373 12373 I GoogleInputMethodService: GoogleInputMethodService.onStartInputView():1438 onStartInputView(EditorInfo{EditorInfo{packageName=com.example.lab6_lab4_rimantek, inputType=20001, inputTypeString=Normal[MultiLine], enableLearning=true, autoCorrection=true, autoComplete=true, imeOptions=44000006, privateImeOptions=null, actionName=DONE, actionLabel=null, initialSelStart=0, initialSelEnd=0, initialCapsMode=0, label=null, fieldId=2131231055, fieldName=null, extras=Bundle[{android.support.text.emoji.emojiCompat_metadataVersion=11, androidx.core.view.inputmethod.EditorInfoCompat.STYLUS_HANDWRITING_ENABLED=true, android.support.text.emoji.emojiCompat_replaceAll=false}], hintText=non-empty, hintLocales=[]}}, false)
11-29 18:25:54.112 12373 12373 I KeyboardHeightUtil: KeyboardHeightUtil.getOemKeyboardHeightRatio():108 systemKeyboardHeightRatio:1.000000.
11-29 18:25:54.115 12373 12373 I AndroidIME: InputBundleManager.loadActiveInputBundleId():528 loadActiveInputBundleId: en-US, ime_english_united_states
11-29 18:25:54.115 12373 12373 I AndroidIME: AbstractIme.onActivate():96 LatinIme.onActivate() : EditorInfo = EditorInfo{packageName=com.example.lab6_lab4_rimantek, inputType=20001, inputTypeString=Normal[MultiLine], enableLearning=true, autoCorrection=true, autoComplete=true, imeOptions=44000006, privateImeOptions=null, actionName=DONE, actionLabel=null, initialSelStart=0, initialSelEnd=0, initialCapsMode=0, label=null, fieldId=2131231055, fieldName=null, extras=Bundle[{android.support.text.emoji.emojiCompat_metadataVersion=11, androidx.core.view.inputmethod.EditorInfoCompat.STYLUS_HANDWRITING_ENABLED=true, android.support.text.emoji.emojiCompat_replaceAll=false}], hintText=non-empty, hintLocales=[]}, IncognitoMode = false, DeviceLocked = false
11-29 18:25:54.118 12373 12373 I InputBundle: InputBundle.consumeEvent():1033 Skip consuming an event as keyboard status is INACTIVE
11-29 18:25:54.119 12373 12373 I Delight5Facilitator: Delight5Facilitator.initializeForIme():739 initializeForIme() : Locale = [en_US], layout = qwerty
11-29 18:25:54.121 26623 26623 I ImeTracker: com.example.lab6_lab4_rimantek:aa73248c: onCancelled at PHASE_CLIENT_ON_CONTROLS_CHANGED
11-29 18:25:54.124 12373 12373 I LatinIme: LatinIme.updateEnableInlineSuggestionsOnDecoderSideFlags():1246 inline flag updated to:false
11-29 18:25:54.128 12373 12373 I LatinIme: LatinIme.updateEnableInlineSuggestionsOnDecoderSideFlags():1246 inline flag updated to:false
11-29 18:25:54.133 12373 12373 I InputBundle: InputBundle.consumeEvent():1033 Skip consuming an event as keyboard status is INACTIVE
11-29 18:25:54.134 12373 12373 I LatinIme: LatinIme.resetInputContext():2250 resetInputContext(): reason=1, externalEditsInfo=ExternalEditsInfo{action=0, offset=-1, text=null, originalText=null, edits=null}
11-29 18:25:54.134 12373 12373 I InputBundle: InputBundle.consumeEvent():1033 Skip consuming an event as keyboard status is INACTIVE
11-29 18:25:54.139 12373 12440 I Delight5Decoder: Delight5DecoderWrapper.setKeyboardLayout():536 setKeyboardLayout()
11-29 18:25:54.140 12373 12443 I ShortcutsDataManager: AbstractContentDataManager.importRecords():348 importRecords() : Success : Count = 0
11-29 18:25:54.140 12373 12373 I KeyboardWrapper: KeyboardWrapper.activateKeyboard():581 activateKeyboard(): type=accessory, status=INACTIVE, imeDef=mog{stringId=ime_english_united_states, language=en-US, languageTag=en-US, processedConditions={writing_helper_enable_by_word_revert=false, true=true, enable_number_row=false, device=phone, enable_pk_simulator=false}, className=com.google.android.apps.inputmethod.libs.latin5.LatinIme, label=0, keyEventInterpreter=null, inlineComposing=true, autoCapital=true, announceAutoSelectedCandidate=true, statusIcon=0, indicatorIcon=0, indicatorLabel=US, displayAppCompletions=true, extraValues=mnz{#0x7f0b02e2=TypedValue{t=0x3/d=0x0 "com.google.android.apps.inputmethod.libs.latin5.LatinIme"}}, processors=mpx@ad382a0, unacceptableMetaKeys=4098, languageSpecificSettings=0, asciiCapable=true, alwaysShowSuggestions=false, useAsciiPasswordKeyboard=false, keyboardGroupDef=mpg@f7e8244, phenotypeFlagId=0, localizationLanguageTag=null, supportsInlineSuggestion=true}
11-29 18:25:54.140 12373 12373 I KeyboardManager: KeyboardManager.requestKeyboard():248 Creating keyboard accessory, imeId=ime_english_united_states, cacheKey=theme,!gsf,!pgsans,!pgsf,!use_system_font,BORDER,FLAVOR_DPI=XXHDPI,GOOGLE_ICONS,IS_LIGHT,KEYBOARD_WIDTH_CATEGORY=NORMAL,KEY_BORDER_SHAPE=1,LIGHT_THEME=true,PHYSICAL_DIAGONAL=6.1297245,POPUP,SCREEN_SHORTEST_WIDTH=411,SCREEN_SHORTEST_WIDTH_NO_SCALE=411,SW400DP,XXHDPI,bottom4dp,enable_emoji_kitchen_browse_color_v2=true,enable_google_fonts_icons=true,enable_popup_on_keypress=true,keyboard_redesign_google_sans=true,noshadow,overlay_builtin_dynamic_color_light_base.binarypb:gm3-light-fffaf8fe-ff4e5e8b-4fee5571778e92b08ff4c2d3d15b9d3f,roundedchip,silkpopup
11-29 18:25:54.140 12373 12373 I KeyboardWrapper: KeyboardWrapper.onKeyboardReady():224 onKeyboardReady(): type=accessory(accessory), kb=com.google.android.libraries.inputmethod.keyboard.impl.Keyboard@2eca86c
11-29 18:25:54.140 12373 12373 I KeyboardWrapper: KeyboardWrapper.doActivateKeyboard():611 doActivateKeyboard(): accessory
11-29 18:25:54.141 12373 12373 W Keyboard: Keyboard.getKeyboardViewHelper():602 null helper is returned: keyboardDef=mpa{processedConditions={}, globalConditions={}, className=com.google.android.libraries.inputmethod.keyboard.impl.Keyboard, resourceIds=[#0x7f17004d], initialStates=0, keyboardViewDefs=[], persistentStates=0, persistentStatesPrefKey=null, popupBubbleLayoutId=0, recentKeyLayoutId=0, recentKeyPopupLayoutId=0, recentKeyType=null, rememberRecentKey=NONE, sessionStates=0}, type=HEADER, helpersCreated={}, context.getResources().getConfiguration(): {1.0 310mcc260mnc [en_US] ldltr sw411dp w411dp h914dp 420dpi nrml long compactNeeded port finger qwerty/v/v dpad/v winConfig={ mBounds=Rect(0, 0 - 1080, 2400) mAppBounds=Rect(0, 0 - 1080, 2400) mMaxBounds=Rect(0, 0 - 1080, 2400) mDisplayRotation=ROTATION_0 mWindowingMode=fullscreen mActivityType=undefined mAlwaysOnTop=undefined mRotation=ROTATION_0} s.109 fontWeightAdjustment=0}
11-29 18:25:54.141 12373 12373 W Keyboard: Keyboard.getKeyboardViewHelper():602 null helper is returned: keyboardDef=mpa{processedConditions={}, globalConditions={}, className=com.google.android.libraries.inputmethod.keyboard.impl.Keyboard, resourceIds=[#0x7f17004d], initialStates=0, keyboardViewDefs=[], persistentStates=0, persistentStatesPrefKey=null, popupBubbleLayoutId=0, recentKeyLayoutId=0, recentKeyPopupLayoutId=0, recentKeyType=null, rememberRecentKey=NONE, sessionStates=0}, type=BODY, helpersCreated={}, context.getResources().getConfiguration(): {1.0 310mcc260mnc [en_US] ldltr sw411dp w411dp h914dp 420dpi nrml long compactNeeded port finger qwerty/v/v dpad/v winConfig={ mBounds=Rect(0, 0 - 1080, 2400) mAppBounds=Rect(0, 0 - 1080, 2400) mMaxBounds=Rect(0, 0 - 1080, 2400) mDisplayRotation=ROTATION_0 mWindowingMode=fullscreen mActivityType=undefined mAlwaysOnTop=undefined mRotation=ROTATION_0} s.109 fontWeightAdjustment=0}
11-29 18:25:54.141 12373 12373 I GlobeKeyExtension: GlobeKeyExtension.getKeyboardInitialStates():175
11-29 18:25:54.141 12373 12373 W Keyboard: Keyboard.getKeyboardViewHelper():602 null helper is returned: keyboardDef=mpa{processedConditions={}, globalConditions={}, className=com.google.android.libraries.inputmethod.keyboard.impl.Keyboard, resourceIds=[#0x7f17004d], initialStates=0, keyboardViewDefs=[], persistentStates=0, persistentStatesPrefKey=null, popupBubbleLayoutId=0, recentKeyLayoutId=0, recentKeyPopupLayoutId=0, recentKeyType=null, rememberRecentKey=NONE, sessionStates=0}, type=HEADER, helpersCreated={}, context.getResources().getConfiguration(): {1.0 310mcc260mnc [en_US] ldltr sw411dp w411dp h914dp 420dpi nrml long compactNeeded port finger qwerty/v/v dpad/v winConfig={ mBounds=Rect(0, 0 - 1080, 2400) mAppBounds=Rect(0, 0 - 1080, 2400) mMaxBounds=Rect(0, 0 - 1080, 2400) mDisplayRotation=ROTATION_0 mWindowingMode=fullscreen mActivityType=undefined mAlwaysOnTop=undefined mRotation=ROTATION_0} s.109 fontWeightAdjustment=0}
11-29 18:25:54.142 12373 12373 W Keyboard: Keyboard.getKeyboardViewHelper():602 null helper is returned: keyboardDef=mpa{processedConditions={}, globalConditions={}, className=com.google.android.libraries.inputmethod.keyboard.impl.Keyboard, resourceIds=[#0x7f17004d], initialStates=0, keyboardViewDefs=[], persistentStates=0, persistentStatesPrefKey=null, popupBubbleLayoutId=0, recentKeyLayoutId=0, recentKeyPopupLayoutId=0, recentKeyType=null, rememberRecentKey=NONE, sessionStates=0}, type=BODY, helpersCreated={}, context.getResources().getConfiguration(): {1.0 310mcc260mnc [en_US] ldltr sw411dp w411dp h914dp 420dpi nrml long compactNeeded port finger qwerty/v/v dpad/v winConfig={ mBounds=Rect(0, 0 - 1080, 2400) mAppBounds=Rect(0, 0 - 1080, 2400) mMaxBounds=Rect(0, 0 - 1080, 2400) mDisplayRotation=ROTATION_0 mWindowingMode=fullscreen mActivityType=undefined mAlwaysOnTop=undefined mRotation=ROTATION_0} s.109 fontWeightAdjustment=0}
11-29 18:25:54.142 12373 12373 W Keyboard: Keyboard.getKeyboardViewHelper():602 null helper is returned: keyboardDef=mpa{processedConditions={}, globalConditions={}, className=com.google.android.libraries.inputmethod.keyboard.impl.Keyboard, resourceIds=[#0x7f17004d], initialStates=0, keyboardViewDefs=[], persistentStates=0, persistentStatesPrefKey=null, popupBubbleLayoutId=0, recentKeyLayoutId=0, recentKeyPopupLayoutId=0, recentKeyType=null, rememberRecentKey=NONE, sessionStates=0}, type=FLOATING_CANDIDATES, helpersCreated={}, context.getResources().getConfiguration(): {1.0 310mcc260mnc [en_US] ldltr sw411dp w411dp h914dp 420dpi nrml long compactNeeded port finger qwerty/v/v dpad/v winConfig={ mBounds=Rect(0, 0 - 1080, 2400) mAppBounds=Rect(0, 0 - 1080, 2400) mMaxBounds=Rect(0, 0 - 1080, 2400) mDisplayRotation=ROTATION_0 mWindowingMode=fullscreen mActivityType=undefined mAlwaysOnTop=undefined mRotation=ROTATION_0} s.109 fontWeightAdjustment=0}
11-29 18:25:54.142 12373 12373 W Keyboard: Keyboard.getKeyboardViewHelper():602 null helper is returned: keyboardDef=mpa{processedConditions={}, globalConditions={}, className=com.google.android.libraries.inputmethod.keyboard.impl.Keyboard, resourceIds=[#0x7f17004d], initialStates=0, keyboardViewDefs=[], persistentStates=0, persistentStatesPrefKey=null, popupBubbleLayoutId=0, recentKeyLayoutId=0, recentKeyPopupLayoutId=0, recentKeyType=null, rememberRecentKey=NONE, sessionStates=0}, type=WIDGET, helpersCreated={}, context.getResources().getConfiguration(): {1.0 310mcc260mnc [en_US] ldltr sw411dp w411dp h914dp 420dpi nrml long compactNeeded port finger qwerty/v/v dpad/v winConfig={ mBounds=Rect(0, 0 - 1080, 2400) mAppBounds=Rect(0, 0 - 1080, 2400) mMaxBounds=Rect(0, 0 - 1080, 2400) mDisplayRotation=ROTATION_0 mWindowingMode=fullscreen mActivityType=undefined mAlwaysOnTop=undefined mRotation=ROTATION_0} s.109 fontWeightAdjustment=0}
11-29 18:25:54.142 12373 12373 I KeyboardManager: KeyboardManager.requestKeyboard():248 Creating keyboard accessory_candidates_consumer, imeId=ime_english_united_states, cacheKey=theme,!gsf,!pgsans,!pgsf,!use_system_font,BORDER,FLAVOR_DPI=XXHDPI,GOOGLE_ICONS,IS_LIGHT,KEYBOARD_WIDTH_CATEGORY=NORMAL,KEY_BORDER_SHAPE=1,LIGHT_THEME=true,PHYSICAL_DIAGONAL=6.1297245,POPUP,SCREEN_SHORTEST_WIDTH=411,SCREEN_SHORTEST_WIDTH_NO_SCALE=411,SW400DP,XXHDPI,bottom4dp,enable_emoji_kitchen_browse_color_v2=true,enable_google_fonts_icons=true,enable_popup_on_keypress=true,keyboard_redesign_google_sans=true,noshadow,overlay_builtin_dynamic_color_light_base.binarypb:gm3-light-fffaf8fe-ff4e5e8b-4fee5571778e92b08ff4c2d3d15b9d3f,roundedchip,silkpopup
11-29 18:25:54.143 12373 12373 I GlobeKeyExtension: GlobeKeyExtension.getKeyboardInitialStates():175
11-29 18:25:54.143 12373 12373 W Keyboard: Keyboard.getKeyboardViewHelper():602 null helper is returned: keyboardDef=mpa{processedConditions={}, globalConditions={global_theme_key=theme,!gsf,!pgsans,!pgsf,!use_system_font,BORDER,FLAVOR_DPI=XXHDPI,GOOGLE_ICONS,IS_LIGHT,KEYBOARD_WIDTH_CATEGORY=NORMAL,KEY_BORDER_SHAPE=1,LIGHT_THEME=true,PHYSICAL_DIAGONAL=6.1297245,POPUP,SCREEN_SHORTEST_WIDTH=411,SCREEN_SHORTEST_WIDTH_NO_SCALE=411,SW400DP,XXHDPI,bottom4dp,enable_emoji_kitchen_browse_color_v2=true,enable_google_fonts_icons=true,enable_popup_on_keypress=true,keyboard_redesign_google_sans=true,noshadow,overlay_builtin_dynamic_color_light_base.binarypb:gm3-light-fffaf8fe-ff4e5e8b-4fee5571778e92b08ff4c2d3d15b9d3f,roundedchip,silkpopup, global_locale=en_US, global_density_dpi=420, global_orientation=1}, className=.latin.keyboard.AccessoryKeyboard, resourceIds=[#0x7f17004c], initialStates=0, keyboardViewDefs=[mpo{direction=null, id=#0x7f0b0226, isScalable=false, layoutId=#0x7f0e0032, type=FLOATING_CANDIDATES, touchable=true, defaultShow=false}], persistentStates=0, persistentStatesPrefKey=null, popupBubbleLayoutId=#0x7f0e05f3, recentKeyLayoutId=0, recentKeyPopupLayoutId=0, recentKeyType=null, rememberRecentKey=NONE, sessionStates=0}, type=HEADER, helpersCreated={FLOATING_CANDIDATES=mbd@4bf2cc6}, context.getResources().getConfiguration(): {1.0 310mcc260mnc [en_US] ldltr sw411dp w411dp h914dp 420dpi nrml long compactNeeded port finger qwerty/v/v dpad/v winConfig={ mBounds=Rect(0, 0 - 1080, 2400) mAppBounds=Rect(0, 0 - 1080, 2400) mMaxBounds=Rect(0, 0 - 1080, 2400) mDisplayRotation=ROTATION_0 mWindowingMode=fullscreen mActivityType=undefined mAlwaysOnTop=undefined mRotation=ROTATION_0} s.109 fontWeightAdjustment=0}
11-29 18:25:54.143 12373 12373 W Keyboard: Keyboard.getKeyboardViewHelper():602 null helper is returned: keyboardDef=mpa{processedConditions={}, globalConditions={global_theme_key=theme,!gsf,!pgsans,!pgsf,!use_system_font,BORDER,FLAVOR_DPI=XXHDPI,GOOGLE_ICONS,IS_LIGHT,KEYBOARD_WIDTH_CATEGORY=NORMAL,KEY_BORDER_SHAPE=1,LIGHT_THEME=true,PHYSICAL_DIAGONAL=6.1297245,POPUP,SCREEN_SHORTEST_WIDTH=411,SCREEN_SHORTEST_WIDTH_NO_SCALE=411,SW400DP,XXHDPI,bottom4dp,enable_emoji_kitchen_browse_color_v2=true,enable_google_fonts_icons=true,enable_popup_on_keypress=true,keyboard_redesign_google_sans=true,noshadow,overlay_builtin_dynamic_color_light_base.binarypb:gm3-light-fffaf8fe-ff4e5e8b-4fee5571778e92b08ff4c2d3d15b9d3f,roundedchip,silkpopup, global_locale=en_US, global_density_dpi=420, global_orientation=1}, className=.latin.keyboard.AccessoryKeyboard, resourceIds=[#0x7f17004c], initialStates=0, keyboardViewDefs=[mpo{direction=null, id=#0x7f0b0226, isScalable=false, layoutId=#0x7f0e0032, type=FLOATING_CANDIDATES, touchable=true, defaultShow=false}], persistentStates=0, persistentStatesPrefKey=null, popupBubbleLayoutId=#0x7f0e05f3, recentKeyLayoutId=0, recentKeyPopupLayoutId=0, recentKeyType=null, rememberRecentKey=NONE, sessionStates=0}, type=BODY, helpersCreated={FLOATING_CANDIDATES=mbd@4bf2cc6}, context.getResources().getConfiguration(): {1.0 310mcc260mnc [en_US] ldltr sw411dp w411dp h914dp 420dpi nrml long compactNeeded port finger qwerty/v/v dpad/v winConfig={ mBounds=Rect(0, 0 - 1080, 2400) mAppBounds=Rect(0, 0 - 1080, 2400) mMaxBounds=Rect(0, 0 - 1080, 2400) mDisplayRotation=ROTATION_0 mWindowingMode=fullscreen mActivityType=undefined mAlwaysOnTop=undefined mRotation=ROTATION_0} s.109 fontWeightAdjustment=0}
11-29 18:25:54.148 12373 12373 I AndroidIME: InputBundleManager.startInput():358 startInput() with mpk[keyboardType=accessory, payload=null]
11-29 18:25:54.148 12373 12373 I GlobeKeyExtension: GlobeKeyExtension.onActivate():120
11-29 18:25:54.158 12373 12443 I ShortcutsDataManager: AbstractContentDataManager.importContentData():297 importContentData() : Ending import process
11-29 18:25:54.171 12373 12373 W AutoPasteSuggestionHelper: AutoPasteSuggestionHelper.setMaxWidthOfChipTextView():1070 Failed to get the width of the proactive suggestion view holder in HEADER.
11-29 18:25:54.173 12373 12373 W AutoPasteSuggestionHelper: AutoPasteSuggestionHelper.setMaxWidthOfChipTextView():1070 Failed to get the width of the proactive suggestion view holder in HEADER.
11-29 18:25:54.175 12373 12440 I Delight5Decoder: Delight5DecoderWrapper.unloadLanguageModel():971 unloadLanguageModel() : 4, version [n/a]
11-29 18:25:54.183 12373 12373 W AutoPasteSuggestionHelper: AutoPasteSuggestionHelper.setMaxWidthOfChipTextView():1070 Failed to get the width of the proactive suggestion view holder in WIDGET.
11-29 18:25:54.184 12373 12373 I ProactiveSuggestionsHolderManager: ProactiveSuggestionsHolderManager$2.display():226 Requesting to show proactive suggestions: CLIPBOARD PREEMPTIVE_WITH_SUPPRESSION in HEADER
11-29 18:25:54.186 12373 12373 I ProactiveSuggestionsHolderManager: ProactiveSuggestionsHolderManager$2.display():245 suggestions CLIPBOARD are pending to show on HEADER
11-29 18:25:54.186 12373 12373 I ProactiveSuggestionsHolderManager: ProactiveSuggestionsHolderManager$2.display():226 Requesting to show proactive suggestions: CLIPBOARD PREEMPTIVE_WITH_SUPPRESSION in FLOATING_CANDIDATES
11-29 18:25:54.189 12373 12373 I ProactiveSuggestionsHolderManager: ProactiveSuggestionsHolderManager$2.display():226 Requesting to show proactive suggestions: CLIPBOARD PREEMPTIVE_WITH_SUPPRESSION in WIDGET
11-29 18:25:54.190 12373 12373 I ProactiveSuggestionsHolderManager: ProactiveSuggestionsHolderManager$2.display():245 suggestions CLIPBOARD are pending to show on WIDGET
11-29 18:25:54.193 12373 12373 I VoiceInputManagerWrapper: VoiceInputManagerWrapper.cancelShutdown():109 cancelShutdown()
11-29 18:25:54.194 12373 12373 I VoiceInputManagerWrapper: VoiceInputManagerWrapper.syncLanguagePacks():121 syncLanguagePacks()
11-29 18:25:54.195 12373 12373 I VoiceInputManager: VoiceInputManager.onKeyboardActivated():1206 onKeyboardActivated() [UD]
11-29 18:25:54.195 12373 14460 I SpeechFactory: SpeechRecognitionFactory.maybeScheduleAutoPackDownloadForFallback():217 maybeScheduleAutoPackDownloadForFallback()
11-29 18:25:54.196 12373 12373 I PkModeUpdater: PkModeUpdater.onActivate():74 onActivate true true
11-29 18:25:54.197 12373 12373 I AccessoryInputModeManager: AccessoryInputModeManager.onModeStarted():318 Accessory input mode started: STYLUS
11-29 18:25:54.198 12373 12373 W ExtensionWrapper: ExtensionWrapper.setAllowUpdateNavigationBarStyle():820 class jte is not activate
11-29 18:25:54.198 12373 14460 I FallbackOnDeviceRecognitionProvider: FallbackOnDeviceRecognitionProvider.maybeScheduleAutoPackDownload():205 maybeScheduleAutoPackDownload() for language tag en-US
11-29 18:25:54.198 12373 12373 I WidgetViewShowingController: WidgetViewShowingController.showWidgetKeyboardInternal():532 Show companion widget
11-29 18:25:54.218 12373 12443 I PersonalLanguageModelUpdater: PersonalLanguageModelUpdater$UpdateOperation.performInternal():165 run() : Added 0 words and 0 shortcuts
11-29 18:25:54.218 12373 12373 W ExtensionWrapper: ExtensionWrapper.setAllowUpdateNavigationBarStyle():820 class jte is not activate
11-29 18:25:54.219 12373 12373 I WidgetViewShowingPositionHandler: WidgetViewShowingPositionHandler.updateAvailableArea():199 update available area Rect(21, 84 - 1059, 2333)
11-29 18:25:54.220 12373 12443 I DynamicLanguageModelOperation: DynamicLanguageModelOperation.perform():43 perform() : 4 : edr : Completed
11-29 18:25:54.221 12373 12373 W NotificationCenter: NotificationCenter$NotificationQueue.notifyPendingNotificationsOnExecutor():877 Heavy notify work detected on UI thread: [juz->jta] takes 24ms
11-29 18:25:54.222 12373 12440 I Delight5Decoder: Delight5DecoderWrapper.loadLanguageModel():758 loadLanguageModel() : 4, version [n/a]
11-29 18:25:54.222 12373 12373 I KeyboardModeUtils: KeyboardModeUtils.getKeyboardBottomOffset():435 inch: 0.000000 ydpi: 420.000000 adjustKeyboardBottomByDisplaySize: false currentDensityDpi: 420 defaultDensityDpi: 420 keyboardBottomToScreenPx: 0 keyboardBottomToNavBarPx: -63 navBarHeight: 63
11-29 18:25:54.222 12373 12373 I KeyboardHeightUtil: KeyboardHeightUtil.calculateMaxKeyboardBodyHeight():50 leave 281 height for app when ime window height:2274, header height:116 and isFullscreenMode:false, so the max keyboard body height is:1877
11-29 18:25:54.222 12373 12373 I KeyboardHeightUtil: KeyboardHeightUtil.calculateMaxKeyboardBodyHeight():50 leave 281 height for app when ime window height:2274, header height:116 and isFullscreenMode:false, so the max keyboard body height is:1877
11-29 18:25:54.223 12373 12373 I KeyboardHeightUtil: KeyboardHeightUtil.calculateMaxKeyboardBodyHeight():50 leave 281 height for app when ime window height:2274, header height:116 and isFullscreenMode:false, so the max keyboard body height is:1877
11-29 18:25:54.223 12373 12373 I KeyboardHeightUtil: KeyboardHeightUtil.calculateMaxKeyboardBodyHeight():50 leave 281 height for app when ime window height:2274, header height:116 and isFullscreenMode:false, so the max keyboard body height is:1877
11-29 18:25:54.223 12373 12440 I Delight5Decoder: Delight5DecoderWrapper.loadLanguageModel():803 Loaded dynamic LM 4.en
11-29 18:25:54.225 12373 12373 W NormalModeController: NormalModeController.adjustKeyboardBodyHeightRatio():216 Invalid height ratio from decoder -1.000000!
11-29 18:25:54.225 12373 12373 W ExtensionWrapper: ExtensionWrapper.setExtensionViewVisibility():811 interface mej is not activate
11-29 18:25:54.229 12373 12373 I Module  : DeviceLockedStatusModuleProvider$Module.updateDeviceLockedStatus():103 repeatCheckTimes = 1, locked = false
11-29 18:25:54.230 12373 12373 I VoiceImeExtension: VoiceImeExtension.shouldStartVoiceInputAutomaticallyInCurrentInputBox():378 No private IME option set to start voice input.
11-29 18:25:54.235 12373 26452 I SystemHapticSettings: SystemHapticSettings.updateSystemVibrationState():117 update vibration state: true
11-29 18:25:54.237 26623 26623 D WindowOnBackDispatcher: setTopOnBackInvokedCallback (unwrapped): android.view.ImeBackAnimationController@d22157c
11-29 18:25:54.258 12373 12373 I GoogleInputMethodService: GoogleInputMethodService$1.onKeyboardViewShown():324 onKeyboardViewShown: keyboardType=accessory, keyboardViewType=HEADER keyboardView=null
11-29 18:25:54.259 12373 12373 W Keyboard: Keyboard.getKeyboardViewHelper():602 null helper is returned: keyboardDef=mpa{processedConditions={}, globalConditions={}, className=com.google.android.libraries.inputmethod.keyboard.impl.Keyboard, resourceIds=[#0x7f17004d], initialStates=0, keyboardViewDefs=[], persistentStates=0, persistentStatesPrefKey=null, popupBubbleLayoutId=0, recentKeyLayoutId=0, recentKeyPopupLayoutId=0, recentKeyType=null, rememberRecentKey=NONE, sessionStates=0}, type=BODY, helpersCreated={}, context.getResources().getConfiguration(): {1.0 310mcc260mnc [en_US] ldltr sw411dp w411dp h914dp 420dpi nrml long compactNeeded port finger qwerty/v/v dpad/v winConfig={ mBounds=Rect(0, 0 - 1080, 2400) mAppBounds=Rect(0, 0 - 1080, 2400) mMaxBounds=Rect(0, 0 - 1080, 2400) mDisplayRotation=ROTATION_0 mWindowingMode=fullscreen mActivityType=undefined mAlwaysOnTop=undefined mRotation=ROTATION_0} s.109 fontWeightAdjustment=0}
11-29 18:25:54.259 12373 12373 I GoogleInputMethodService: GoogleInputMethodService$1.onKeyboardViewShown():324 onKeyboardViewShown: keyboardType=accessory, keyboardViewType=BODY keyboardView=null
11-29 18:25:54.259 12373 12373 W Keyboard: Keyboard.getKeyboardViewHelper():602 null helper is returned: keyboardDef=mpa{processedConditions={}, globalConditions={}, className=com.google.android.libraries.inputmethod.keyboard.impl.Keyboard, resourceIds=[#0x7f17004d], initialStates=0, keyboardViewDefs=[], persistentStates=0, persistentStatesPrefKey=null, popupBubbleLayoutId=0, recentKeyLayoutId=0, recentKeyPopupLayoutId=0, recentKeyType=null, rememberRecentKey=NONE, sessionStates=0}, type=BODY, helpersCreated={}, context.getResources().getConfiguration(): {1.0 310mcc260mnc [en_US] ldltr sw411dp w411dp h914dp 420dpi nrml long compactNeeded port finger qwerty/v/v dpad/v winConfig={ mBounds=Rect(0, 0 - 1080, 2400) mAppBounds=Rect(0, 0 - 1080, 2400) mMaxBounds=Rect(0, 0 - 1080, 2400) mDisplayRotation=ROTATION_0 mWindowingMode=fullscreen mActivityType=undefined mAlwaysOnTop=undefined mRotation=ROTATION_0} s.109 fontWeightAdjustment=0}
11-29 18:25:54.262 12373 12373 I ShortcutsDataManager: AbstractContentDataManager$ImportContentTask.onPostExecute():268 onPostExecute() : Result = [2,0]
11-29 18:25:54.262 12373 12373 I ShortcutsDataManager: ShortcutsDataManager.onImportFinished():82 onImportFinished() : Result = 2 : Count = 0
11-29 18:25:54.284 26623 26623 I ImeTracker: com.example.lab6_lab4_rimantek:aa73248c: onShown
11-29 18:25:54.284   831  1655 I ImeTracker: com.example.lab6_lab4_rimantek:aa73248c: onFinished on previously finished token at PHASE_NOT_SET with STATUS_SUCCESS
11-29 18:25:54.343 26623 26623 D UiControllerImpl: Injecting string: "This is the body."
11-29 18:25:54.353 12373 12373 I ProactiveSuggestionsHolderManager: ProactiveSuggestionsHolderManager$2.display():226 Requesting to show proactive suggestions: CLIPBOARD PREEMPTIVE in HEADER
11-29 18:25:54.353 12373 12373 I ProactiveSuggestionsHolderManager: ProactiveSuggestionsHolderManager$2.display():245 suggestions CLIPBOARD are pending to show on HEADER
11-29 18:25:54.353 12373 12373 I ProactiveSuggestionsHolderManager: ProactiveSuggestionsHolderManager$2.display():226 Requesting to show proactive suggestions: CLIPBOARD PREEMPTIVE in FLOATING_CANDIDATES
11-29 18:25:54.353 12373 12373 I ProactiveSuggestionsHolderManager: ProactiveSuggestionsHolderManager$2.display():226 Requesting to show proactive suggestions: CLIPBOARD PREEMPTIVE in WIDGET
11-29 18:25:54.353 12373 12373 I ProactiveSuggestionsHolderManager: ProactiveSuggestionsHolderManager$2.display():245 suggestions CLIPBOARD are pending to show on WIDGET
11-29 18:25:54.354 12373 12373 I StylusModule: StylusModule.onUpdateToolType():799 Update tool type = 0
11-29 18:25:54.354 12373 12373 W TooltipLifecycleManager: TooltipLifecycleManager.dismissTooltips():153 Tooltip with id spell_check_add_to_dictionary not found in tooltipManager.
11-29 18:25:54.379 12373 12373 I Delight5Decoder: Delight5DecoderWrapper.setKeyboardLayout():536 setKeyboardLayout()
11-29 18:25:54.386 12373 12373 W TooltipLifecycleManager: TooltipLifecycleManager.dismissTooltips():153 Tooltip with id SUGGESTION_VIEW_EDU_MINI_DIALOG not found in tooltipManager.
11-29 18:25:54.389 12373 12373 W InputContextProxy: InputContextProxy.applyClientDiffInternal():933 Ignore [FetchSuggestions] diff due to stale request: 3065<3066, inputStateId=2482, lastInputStateId=2483
11-29 18:25:54.395 12373 12490 I AndroidSpellCheckerService: AndroidSpellCheckerService.createSession():138 com.google.android.keyboard.client.delight5.LanguageIdentifier@34cb550 is created
11-29 18:25:54.425 12373 12373 W InputContextProxy: InputContextProxy.applyClientDiffInternal():933 Ignore [FetchSuggestions] diff due to stale request: 3067<3068, inputStateId=2484, lastInputStateId=2483
11-29 18:25:54.438 12373 12373 W TooltipLifecycleManager: TooltipLifecycleManager.dismissTooltips():153 Tooltip with id SUGGESTION_VIEW_EDU_MINI_DIALOG not found in tooltipManager.
11-29 18:25:54.476 12373 12373 W TooltipLifecycleManager: TooltipLifecycleManager.dismissTooltips():153 Tooltip with id SUGGESTION_VIEW_EDU_MINI_DIALOG not found in tooltipManager.
11-29 18:25:54.523 12373 12373 W TooltipLifecycleManager: TooltipLifecycleManager.dismissTooltips():153 Tooltip with id SUGGESTION_VIEW_EDU_MINI_DIALOG not found in tooltipManager.
11-29 18:25:54.552 12373 12373 W TooltipLifecycleManager: TooltipLifecycleManager.dismissTooltips():153 Tooltip with id SUGGESTION_VIEW_EDU_MINI_DIALOG not found in tooltipManager.
11-29 18:25:54.590 12373 12373 W TooltipLifecycleManager: TooltipLifecycleManager.dismissTooltips():153 Tooltip with id SUGGESTION_VIEW_EDU_MINI_DIALOG not found in tooltipManager.
11-29 18:25:54.616   831  1016 I HalDevMgr: bestIfaceCreationProposal is null, requestIface=STA, existingIface=[name=wlan0 type=STA]
11-29 18:25:54.627 12373 12373 W TooltipLifecycleManager: TooltipLifecycleManager.dismissTooltips():153 Tooltip with id SUGGESTION_VIEW_EDU_MINI_DIALOG not found in tooltipManager.
11-29 18:25:54.633 12373 12440 E native  : E0000 00:00:1764433554.633447   12440 decoder-results-response-updater.cc:1253] Unexpected empty result.
11-29 18:25:54.633 12373 12440 E native  : E0000 00:00:1764433554.633738   12440 decoder-results-response-updater.cc:611] Unexpected empty result.
11-29 18:25:54.635 12373 12440 I native  : I0000 00:00:1764433554.635916   12440 input-context-store.cc:340] Ignoring stale client request for FetchSuggestions
11-29 18:25:54.637 12373 12373 W InputContextProxy: InputContextProxy.applyClientDiffInternal():933 Ignore [FetchSuggestions] diff due to stale request: 3078<3079, inputStateId=2496, lastInputStateId=2496
11-29 18:25:54.649 12373 12440 E native  : E0000 00:00:1764433554.649233   12440 decoder-results-response-updater.cc:611] Unexpected empty result.
