11-29 18:25:54.661 12373 12373 W TooltipLifecycleManager: TooltipLifecycleManager.dismissTooltips():153 Tooltip with id SUGGESTION_VIEW_EDU_MINI_DIALOG not found in tooltipManager.
11-29 18:25:54.706 12373 12373 W TooltipLifecycleManager: TooltipLifecycleManager.dismissTooltips():153 Tooltip with id SUGGESTION_VIEW_EDU_MINI_DIALOG not found in tooltipManager.
11-29 18:25:54.737 12373 12373 W TooltipLifecycleManager: TooltipLifecycleManager.dismissTooltips():153 Tooltip with id SUGGESTION_VIEW_EDU_MINI_DIALOG not found in tooltipManager.
11-29 18:25:54.746 12373 12440 I native  : I0000 00:00:1764433554.746802   12440 input-context-store.cc:340] Ignoring stale client request for FetchSuggestions
11-29 18:25:54.749 12373 12373 W InputContextProxy: InputContextProxy.applyClientDiffInternal():933 Ignore [FetchSuggestions] diff due to stale request: 3084<3086, inputStateId=2502, lastInputStateId=2502
11-29 18:25:54.766 12373 12373 W TooltipLifecycleManager: TooltipLifecycleManager.dismissTooltips():153 Tooltip with id SUGGESTION_VIEW_EDU_MINI_DIALOG not found in tooltipManager.
11-29 18:25:54.779 12373 12440 I native  : I0000 00:00:1764433554.779017   12440 input-context-store.cc:340] Ignoring stale client request for FetchSuggestions
11-29 18:25:54.790 12373 12373 W InputContextProxy: InputContextProxy.applyClientDiffInternal():933 Ignore [FetchSuggestions] diff due to stale request: 3086<3088, inputStateId=2503, lastInputStateId=2503
11-29 18:25:54.801 12373 12373 W TooltipLifecycleManager: TooltipLifecycleManager.dismissTooltips():153 Tooltip with id SUGGESTION_VIEW_EDU_MINI_DIALOG not found in tooltipManager.
11-29 18:25:54.860 12373 12373 W TooltipLifecycleManager: TooltipLifecycleManager.dismissTooltips():153 Tooltip with id SUGGESTION_VIEW_EDU_MINI_DIALOG not found in tooltipManager.
11-29 18:25:54.892 12373 12373 W TooltipLifecycleManager: TooltipLifecycleManager.dismissTooltips():153 Tooltip with id SUGGESTION_VIEW_EDU_MINI_DIALOG not found in tooltipManager.
11-29 18:25:54.910 12373 12373 W TooltipLifecycleManager: TooltipLifecycleManager.dismissTooltips():153 Tooltip with id SUGGESTION_VIEW_EDU_MINI_DIALOG not found in tooltipManager.
11-29 18:25:54.918 12373 12373 W InputContextProxy: InputContextProxy.applyClientDiffInternal():933 Ignore [FetchSuggestions] diff due to stale request: 3092<3095, inputStateId=2509, lastInputStateId=2511
11-29 18:25:54.928 12373 12440 I native  : I0000 00:00:1764433554.927447   12440 input-context-store.cc:340] Ignoring stale client request for FetchSuggestions
11-29 18:25:54.933 12373 12373 W InputContextProxy: InputContextProxy.applyClientDiffInternal():933 Ignore [FetchSuggestions] diff due to stale request: 3094<3096, inputStateId=2511, lastInputStateId=2511
11-29 18:25:54.945 12373 12373 W TooltipLifecycleManager: TooltipLifecycleManager.dismissTooltips():153 Tooltip with id SUGGESTION_VIEW_EDU_MINI_DIALOG not found in tooltipManager.
11-29 18:25:54.957 12373 12440 I native  : I0000 00:00:1764433554.958811   12440 input-context-store.cc:340] Ignoring stale client request for FetchSuggestions
11-29 18:25:54.960 12373 12373 W InputContextProxy: InputContextProxy.applyClientDiffInternal():933 Ignore [FetchSuggestions] diff due to stale request: 3096<3098, inputStateId=2512, lastInputStateId=2512
11-29 18:25:54.978 12373 12373 W TooltipLifecycleManager: TooltipLifecycleManager.dismissTooltips():153 Tooltip with id SUGGESTION_VIEW_EDU_MINI_DIALOG not found in tooltipManager.
11-29 18:25:55.009 26623 26623 I ViewInteraction: Performing 'close keyboard' action on view view.getId() is <2131231055/com.example.lab6_lab4_rimantek:id/noteContentEditText>
11-29 18:25:55.013 26623 26623 D IdlingRegistry: Registering idling resources: [androidx.test.espresso.action.CloseKeyboardAction$CloseKeyboardIdlingResult@5b6b074]
11-29 18:25:55.014 26623 26623 I ImeTracker: com.example.lab6_lab4_rimantek:86dcf10: onRequestHide at ORIGIN_CLIENT reason HIDE_SOFT_INPUT fromUser false
11-29 18:25:55.016 26623 26623 D WindowOnBackDispatcher: setTopOnBackInvokedCallback (unwrapped): android.app.Activity$$ExternalSyntheticLambda0@895b4c0
11-29 18:25:55.141   831  1023 D InetDiagMessage: Destroyed 0 sockets, proto=IPPROTO_TCP, family=AF_INET, states=14
11-29 18:25:55.142   831  1023 D InetDiagMessage: Destroyed 0 sockets, proto=IPPROTO_TCP, family=AF_INET6, states=14
11-29 18:25:55.142   831  1023 D InetDiagMessage: Destroyed live tcp sockets for uids={10105} in 0ms
11-29 18:25:55.235   831  1655 I ImeTracker: system_server:d62e2592: onRequestHide at ORIGIN_SERVER reason IME_REQUESTED_CHANGED_LISTENER fromUser false
11-29 18:25:55.242 12373 12373 I GoogleInputMethodService: GoogleInputMethodService.onFinishInputView():1570 onFinishInputView(false)
11-29 18:25:55.242 12373 12373 I GlobeKeyExtension: GlobeKeyExtension.onDeactivate():144
11-29 18:25:55.245 12373 12373 I VoiceInputManagerWrapper: VoiceInputManagerWrapper.shutdown():131 shutdown()
11-29 18:25:55.245 12373 12373 W ExtensionWrapper: ExtensionWrapper.setAllowUpdateNavigationBarStyle():820 class jte is not activate
11-29 18:25:55.250 12373 12373 W ExtensionWrapper: ExtensionWrapper.setAllowUpdateNavigationBarStyle():820 class jte is not activate
11-29 18:25:55.250 12373 12373 W TooltipLifecycleManager: TooltipLifecycleManager.dismissTooltips():153 Tooltip with id spell_check_add_to_dictionary not found in tooltipManager.
11-29 18:25:55.251 12373 12373 I InputBundle: InputBundle.consumeEvent():1033 Skip consuming an event as keyboard status is INACTIVE
11-29 18:25:55.254 12373 12373 I AndroidIME: AbstractIme.onDeactivate():216 LatinIme.onDeactivate()
11-29 18:25:55.254 12373 12437 W ModuleManager: ModuleManager.loadModule():572 Module ofi is not available
11-29 18:25:55.257 12373 12373 I ImeTracker: system_server:d62e2592: onHidden
11-29 18:25:55.258 12373 12437 I OnDeviceWmrCalculator: OnDeviceWmrCalculator.calculateWmr():94 WMR: 0.0000 (0 / 4)
11-29 18:25:55.267   831   871 I ImeTracker: system_server:54173569: onRequestShow at ORIGIN_SERVER reason CONTROLS_CHANGED fromUser false
11-29 18:25:55.269 26623 26623 I ImeTracker: system_server:54173569: onCancelled at PHASE_CLIENT_ON_CONTROLS_CHANGED
11-29 18:25:55.324 26623 26623 D IdlingRegistry: Unregistering idling resources: [androidx.test.espresso.action.CloseKeyboardAction$CloseKeyboardIdlingResult@5b6b074]
11-29 18:25:55.329 26623 26623 I ViewInteraction: Performing 'single click' action on view view.getId() is <2131231113/com.example.lab6_lab4_rimantek:id/saveButton>
11-29 18:25:55.389   831  1459 W AS.PlaybackActivityMon: No piid assigned for invalid/internal port id 15
11-29 18:25:55.454   654   676 I libbinder.BpBinder: onLastStrongRef automatically unlinking death recipients for descriptor: '(not cached)'
11-29 18:25:55.473 26623 26623 D AutofillManager: view not autofillable - has multiline input type
11-29 18:25:55.476 26623 26623 D LifecycleMonitor: Lifecycle status change: com.example.lab6_lab4_rimantek.AddNoteActivity@3c0fa91 in: PAUSED
11-29 18:25:55.476 26623 26623 V ActivityScenario: Activity lifecycle changed event received but ignored because the intent does not match. startActivityIntent=Intent { act=android.intent.action.MAIN cat=[android.intent.category.LAUNCHER] flg=0x10008000 cmp=com.example.lab6_lab4_rimantek/.MainActivity }, activity.getIntent()=Intent { xflg=0x4 cmp=com.example.lab6_lab4_rimantek/.AddNoteActivity }, activity=com.example.lab6_lab4_rimantek.AddNoteActivity@3c0fa91
11-29 18:25:55.572 26623 26623 D ViewRootImpl: Skipping stats log for color mode
11-29 18:25:55.572 26623 26623 D LifecycleMonitor: Lifecycle status change: com.example.lab6_lab4_rimantek.MainActivity@71ba9bc in: RESTARTED
11-29 18:25:55.572 26623 26623 V ActivityScenario: Update currentActivityStage to RESTARTED, currentActivity=com.example.lab6_lab4_rimantek.MainActivity@71ba9bc
11-29 18:25:55.574 26623 26623 D LifecycleMonitor: Lifecycle status change: com.example.lab6_lab4_rimantek.MainActivity@71ba9bc in: STARTED
11-29 18:25:55.574 26623 26623 V ActivityScenario: Update currentActivityStage to STARTED, currentActivity=com.example.lab6_lab4_rimantek.MainActivity@71ba9bc
11-29 18:25:55.580 26623 26623 D LifecycleMonitor: Lifecycle status change: com.example.lab6_lab4_rimantek.MainActivity@71ba9bc in: RESUMED
11-29 18:25:55.580 26623 26623 V ActivityScenario: Update currentActivityStage to RESUMED, currentActivity=com.example.lab6_lab4_rimantek.MainActivity@71ba9bc
11-29 18:25:55.595  1299  1299 D b/417220811: invalidateLoadedTasks - previous requestLoadId: -1
11-29 18:25:55.637   831   871 I ImeTracker: system_server:eb2cdf62: onRequestShow at ORIGIN_SERVER reason CONTROLS_CHANGED fromUser false
11-29 18:25:55.768   831  1023 D InetDiagMessage: Destroyed 0 sockets, proto=IPPROTO_TCP, family=AF_INET, states=14
11-29 18:25:55.769   831  1023 D InetDiagMessage: Destroyed 0 sockets, proto=IPPROTO_TCP, family=AF_INET6, states=14
11-29 18:25:55.769   831  1023 D InetDiagMessage: Destroyed live tcp sockets for uids={10144} in 0ms
11-29 18:25:55.843   831   928 I ImeTracker: system_server:7b9fdb52: onRequestHide at ORIGIN_SERVER reason IME_REQUESTED_CHANGED_LISTENER fromUser false
11-29 18:25:55.844   831   870 I ImeTracker: system_server:7b9fdb52: onCancelled at PHASE_SERVER_SHOULD_HIDE
11-29 18:25:55.936   603 13863 I RanchuHwc: logCompositionFallbackIfChanged: layer 676 CompositionType fallback from 2 to 1
11-29 18:25:55.976 26623 26623 I ImeTracker: system_server:eb2cdf62: onCancelled at PHASE_CLIENT_ON_CONTROLS_CHANGED
11-29 18:25:55.985   831   981 I ImeTracker: com.example.lab6_lab4_rimantek:651f0335: onRequestHide at ORIGIN_SERVER reason HIDE_UNSPECIFIED_WINDOW fromUser false
11-29 18:25:55.986 26623 26623 I ImeTracker: com.example.lab6_lab4_rimantek:651f0335: onCancelled at PHASE_CLIENT_ALREADY_HIDDEN
11-29 18:25:55.992 12373 12373 I GoogleInputMethodService: GoogleInputMethodService.onFinishInput():2084
11-29 18:25:55.996 12373 12373 I Module  : DeviceLockedStatusModuleProvider$Module.updateDeviceLockedStatus():103 repeatCheckTimes = 0, locked = false
11-29 18:25:55.996   831   928 I ImeTracker: system_server:23b65467: onRequestHide at ORIGIN_SERVER reason IME_REQUESTED_CHANGED_LISTENER fromUser false
11-29 18:25:55.999   831   870 I ImeTracker: system_server:23b65467: onCancelled at PHASE_SERVER_SHOULD_HIDE
11-29 18:25:56.002 12373 12373 I GoogleInputMethodService: GoogleInputMethodService.onStartInput():1345 onStartInput(EditorInfo{EditorInfo{packageName=com.example.lab6_lab4_rimantek, inputType=0, inputTypeString=NULL, enableLearning=false, autoCorrection=false, autoComplete=false, imeOptions=0, privateImeOptions=null, actionName=UNSPECIFIED, actionLabel=null, initialSelStart=-1, initialSelEnd=-1, initialCapsMode=0, label=null, fieldId=0, fieldName=null, extras=null, hintText=null, hintLocales=[]}}, false)
11-29 18:25:56.004 12373 12373 I Module  : DeviceLockedStatusModuleProvider$Module.updateDeviceLockedStatus():103 repeatCheckTimes = 1, locked = false
11-29 18:25:56.096 26623 26623 W RemoteInputConnectionImpl: requestCursorUpdates on inactive InputConnection
11-29 18:25:56.385 26623 26623 I ViewInteraction: Checking 'MatchesViewAssertion{viewMatcher=view has effective visibility <GONE>}' assertion on view view.getId() is <2131230905/com.example.lab6_lab4_rimantek:id/emptyView>
11-29 18:25:56.402 26623 26623 I ViewInteraction: Performing 'load adapter data' action on view view.getId() is <2131231057/com.example.lab6_lab4_rimantek:id/notesListView>
11-29 18:25:56.435 26623 26628 W 6_lab4_rimantek: userfaultfd: MOVE ioctl seems unsupported: Connection timed out
11-29 18:25:56.452 26623 26623 D VRI[AddNoteActivity]: visibilityChanged oldVisibility=true newVisibility=false
11-29 18:25:56.464 26623 26623 I AutofillManager: onInvisibleForAutofill(): expiringResponse
11-29 18:25:56.465 26623 26623 D LifecycleMonitor: Lifecycle status change: com.example.lab6_lab4_rimantek.AddNoteActivity@3c0fa91 in: STOPPED
11-29 18:25:56.467 26623 26623 V ActivityScenario: Activity lifecycle changed event received but ignored because the intent does not match. startActivityIntent=Intent { act=android.intent.action.MAIN cat=[android.intent.category.LAUNCHER] flg=0x10008000 cmp=com.example.lab6_lab4_rimantek/.MainActivity }, activity.getIntent()=Intent { xflg=0x4 cmp=com.example.lab6_lab4_rimantek/.AddNoteActivity }, activity=com.example.lab6_lab4_rimantek.AddNoteActivity@3c0fa91
11-29 18:25:56.471 26623 26623 D AutofillManager: view not autofillable - has multiline input type
11-29 18:25:56.473 26623 26623 D WindowOnBackDispatcher: setTopOnBackInvokedCallback (unwrapped): null
11-29 18:25:56.476 26623 26623 D LifecycleMonitor: Lifecycle status change: com.example.lab6_lab4_rimantek.AddNoteActivity@3c0fa91 in: DESTROYED
11-29 18:25:56.476 26623 26623 V ActivityScenario: Activity lifecycle changed event received but ignored because the intent does not match. startActivityIntent=Intent { act=android.intent.action.MAIN cat=[android.intent.category.LAUNCHER] flg=0x10008000 cmp=com.example.lab6_lab4_rimantek/.MainActivity }, activity.getIntent()=Intent { xflg=0x4 cmp=com.example.lab6_lab4_rimantek/.AddNoteActivity }, activity=com.example.lab6_lab4_rimantek.AddNoteActivity@3c0fa91
11-29 18:25:56.477 26623 26623 D AutofillManager: view not autofillable - has multiline input type
11-29 18:25:56.478 26623 26623 D AutofillManager: view not autofillable - has multiline input type
11-29 18:25:56.481 12373 12466 I SpellCheckerSession: SpellCheckerSession.onClose():690 com.google.android.keyboard.client.delight5.LanguageIdentifier@f0edea9 is closed
11-29 18:25:56.481 12373 12490 I SpellCheckerSession: SpellCheckerSession.onClose():690 com.google.android.keyboard.client.delight5.LanguageIdentifier@34cb550 is closed
11-29 18:25:56.486 26623 26623 D ViewRootImpl: Skipping stats log for color mode
11-29 18:25:56.496 26623 26623 I ViewInteraction: Performing 'single click' action on view  displaying data matching: is "Test note" within adapter view matching: view.getId() is <2131231057/com.example.lab6_lab4_rimantek:id/notesListView>
11-29 18:25:56.610   831  1655 W AS.PlaybackActivityMon: No piid assigned for invalid/internal port id 15
11-29 18:25:56.612   831   927 V GrammaticalInflectionUtils: AttributionSource: android.content.AttributionSource@e1fcae27 does not have READ_SYSTEM_GRAMMATICAL_GENDER permission.
11-29 18:25:56.619   654   677 I libbinder.BpBinder: onLastStrongRef automatically unlinking death recipients for descriptor: '(not cached)'
11-29 18:25:56.621   650   761 D AudioFlinger: mixer(0x728cbd5627d0) throttle end: throttle time(35)
11-29 18:25:56.629 26623 26623 D LifecycleMonitor: Lifecycle status change: com.example.lab6_lab4_rimantek.MainActivity@71ba9bc in: PAUSED
11-29 18:25:56.630 26623 26623 V ActivityScenario: Update currentActivityStage to PAUSED, currentActivity=com.example.lab6_lab4_rimantek.MainActivity@71ba9bc
11-29 18:25:56.661 26623 26623 D LifecycleMonitor: Lifecycle status change: com.example.lab6_lab4_rimantek.ViewNoteActivity@a034cd2 in: PRE_ON_CREATE
11-29 18:25:56.661 26623 26623 V ActivityScenario: Activity lifecycle changed event received but ignored because the intent does not match. startActivityIntent=Intent { act=android.intent.action.MAIN cat=[android.intent.category.LAUNCHER] flg=0x10008000 cmp=com.example.lab6_lab4_rimantek/.MainActivity }, activity.getIntent()=Intent { xflg=0x4 cmp=com.example.lab6_lab4_rimantek/.ViewNoteActivity (has extras) }, activity=com.example.lab6_lab4_rimantek.ViewNoteActivity@a034cd2
11-29 18:25:56.678 26623 26623 D LifecycleMonitor: Lifecycle status change: com.example.lab6_lab4_rimantek.ViewNoteActivity@a034cd2 in: CREATED
11-29 18:25:56.678 26623 26623 V ActivityScenario: Activity lifecycle changed event received but ignored because the intent does not match. startActivityIntent=Intent { act=android.intent.action.MAIN cat=[android.intent.category.LAUNCHER] flg=0x10008000 cmp=com.example.lab6_lab4_rimantek/.MainActivity }, activity.getIntent()=Intent { xflg=0x4 cmp=com.example.lab6_lab4_rimantek/.ViewNoteActivity (has extras) }, activity=com.example.lab6_lab4_rimantek.ViewNoteActivity@a034cd2
11-29 18:25:56.682 26623 26623 D LifecycleMonitor: Lifecycle status change: com.example.lab6_lab4_rimantek.ViewNoteActivity@a034cd2 in: STARTED
11-29 18:25:56.682 26623 26623 V ActivityScenario: Activity lifecycle changed event received but ignored because the intent does not match. startActivityIntent=Intent { act=android.intent.action.MAIN cat=[android.intent.category.LAUNCHER] flg=0x10008000 cmp=com.example.lab6_lab4_rimantek/.MainActivity }, activity.getIntent()=Intent { xflg=0x4 cmp=com.example.lab6_lab4_rimantek/.ViewNoteActivity (has extras) }, activity=com.example.lab6_lab4_rimantek.ViewNoteActivity@a034cd2
11-29 18:25:56.686 26623 26623 D LifecycleMonitor: Lifecycle status change: com.example.lab6_lab4_rimantek.ViewNoteActivity@a034cd2 in: RESUMED
11-29 18:25:56.688 26623 26623 V ActivityScenario: Activity lifecycle changed event received but ignored because the intent does not match. startActivityIntent=Intent { act=android.intent.action.MAIN cat=[android.intent.category.LAUNCHER] flg=0x10008000 cmp=com.example.lab6_lab4_rimantek/.MainActivity }, activity.getIntent()=Intent { xflg=0x4 cmp=com.example.lab6_lab4_rimantek/.ViewNoteActivity (has extras) }, activity=com.example.lab6_lab4_rimantek.ViewNoteActivity@a034cd2
11-29 18:25:56.734 26623 26623 D WindowOnBackDispatcher: setTopOnBackInvokedCallback (unwrapped): android.app.Activity$$ExternalSyntheticLambda0@d42ed83
11-29 18:25:56.735 26623 26623 D VRI[ViewNoteActivity]: WindowInsets changed: 1080x2400 statusBars:[0,63,0,0] navigationBars:[0,0,0,63] mandatorySystemGestures:[0,63,0,84]
11-29 18:25:56.740  1299  1299 D b/417220811: invalidateLoadedTasks - previous requestLoadId: -1
11-29 18:25:56.950   831   867 I ActivityTaskManager: Displayed com.example.lab6_lab4_rimantek/.ViewNoteActivity for user 0: +337ms
11-29 18:25:57.144  1506  4614 I libbinder.IPCThreadState: oneway function results for code 1 on binder at 0x7d7d0a03c240 will be dropped but finished with status UNKNOWN_TRANSACTION and reply parcel size 80
11-29 18:25:57.147   831   981 I ImeTracker: com.example.lab6_lab4_rimantek:5d577e36: onRequestHide at ORIGIN_SERVER reason HIDE_UNSPECIFIED_WINDOW fromUser false
11-29 18:25:57.150 26623 26623 I ImeTracker: com.example.lab6_lab4_rimantek:5d577e36: onCancelled at PHASE_CLIENT_ALREADY_HIDDEN
11-29 18:25:57.154 12373 12373 I GoogleInputMethodService: GoogleInputMethodService.onFinishInput():2084
11-29 18:25:57.157 12373 12373 I Module  : DeviceLockedStatusModuleProvider$Module.updateDeviceLockedStatus():103 repeatCheckTimes = 0, locked = false
11-29 18:25:57.161 26623 26623 I ViewInteraction: Checking 'MatchesViewAssertion{viewMatcher=an instance of android.widget.TextView and view.getText() with or without transformation to match: is "Test note"}' assertion on view view.getId() is <2131231235/com.example.lab6_lab4_rimantek:id/viewNoteTitle>
11-29 18:25:57.168 26623 26623 I ViewInteraction: Checking 'MatchesViewAssertion{viewMatcher=an instance of android.widget.TextView and view.getText() with or without transformation to match: is "This is the body."}' assertion on view view.getId() is <2131231234/com.example.lab6_lab4_rimantek:id/viewNoteContent>
11-29 18:25:57.172 12373 12373 I GoogleInputMethodService: GoogleInputMethodService.onStartInput():1345 onStartInput(EditorInfo{EditorInfo{packageName=com.example.lab6_lab4_rimantek, inputType=0, inputTypeString=NULL, enableLearning=false, autoCorrection=false, autoComplete=false, imeOptions=0, privateImeOptions=null, actionName=UNSPECIFIED, actionLabel=null, initialSelStart=-1, initialSelEnd=-1, initialCapsMode=0, label=null, fieldId=0, fieldName=null, extras=null, hintText=null, hintLocales=[]}}, false)
11-29 18:25:57.175 12373 12373 I Module  : DeviceLockedStatusModuleProvider$Module.updateDeviceLockedStatus():103 repeatCheckTimes = 1, locked = false
11-29 18:25:57.175   831  1459 I ImeTracker: system_server:9d803317: onRequestHide at ORIGIN_SERVER reason IME_REQUESTED_CHANGED_LISTENER fromUser false
11-29 18:25:57.178   831   870 I ImeTracker: system_server:9d803317: onCancelled at PHASE_SERVER_SHOULD_HIDE
11-29 18:25:57.244   831  1655 V GrammaticalInflectionUtils: AttributionSource: android.content.AttributionSource@e3b186c6 does not have READ_SYSTEM_GRAMMATICAL_GENDER permission.
11-29 18:25:57.255   654   795 I libbinder.BpBinder: onLastStrongRef automatically unlinking death recipients for descriptor: '(not cached)'
11-29 18:25:57.271 26623 26623 D LifecycleMonitor: Lifecycle status change: com.example.lab6_lab4_rimantek.ViewNoteActivity@a034cd2 in: PAUSED
11-29 18:25:57.271 26623 26623 V ActivityScenario: Activity lifecycle changed event received but ignored because the intent does not match. startActivityIntent=Intent { act=android.intent.action.MAIN cat=[android.intent.category.LAUNCHER] flg=0x10008000 cmp=com.example.lab6_lab4_rimantek/.MainActivity }, activity.getIntent()=Intent { xflg=0x4 cmp=com.example.lab6_lab4_rimantek/.ViewNoteActivity (has extras) }, activity=com.example.lab6_lab4_rimantek.ViewNoteActivity@a034cd2
11-29 18:25:57.282  1299  1299 D RecentsView: onTaskDisplayChanged: 96, new displayId = 0
11-29 18:25:57.315  1133  1137 W ndroid.systemui: Missing inline cache for void com.android.wm.shell.transition.Transitions$ShellTransitionImpl$$ExternalSyntheticLambda3.run()
11-29 18:25:57.317   831   870 V GrammaticalInflectionUtils: AttributionSource: android.content.AttributionSource@e3b186c6 does not have READ_SYSTEM_GRAMMATICAL_GENDER permission.
11-29 18:25:57.332  1299  1299 D b/417220811: invalidateLoadedTasks - previous requestLoadId: -1
11-29 18:25:57.342   579   579 D Zygote  : Forked child process 26678
11-29 18:25:57.395  1299  1299 D b/417220811: invalidateLoadedTasks - previous requestLoadId: -1
11-29 18:25:57.401 26678 26678 I Zygote  : Process 26678 created for com.example.lab6_lab4_rimantek.test
11-29 18:25:57.404 26678 26678 I 4_rimantek.test: Late-enabling -Xcheck:jni
11-29 18:25:57.504 26678 26678 I 4_rimantek.test: Using CollectorTypeCMC GC.
11-29 18:25:57.508 26678 26678 W 4_rimantek.test: Unexpected CPU variant for x86: x86_64.
11-29 18:25:57.508 26678 26678 W 4_rimantek.test: Known variants: atom, sandybridge, silvermont, goldmont, goldmont-plus, goldmont-without-sha-xsaves, tremont, kabylake, alderlake, default
11-29 18:25:57.518 26623 26623 D VRI[MainActivity]: visibilityChanged oldVisibility=true newVisibility=false
11-29 18:25:57.536   662   690 I adbd    : jdwp connection from 26678
11-29 18:25:57.563 26678 26678 D nativeloader: Load libframework-connectivity-tiramisu-jni.so using APEX ns com_android_tethering for caller /apex/com.android.tethering/javalib/framework-connectivity-t.jar: ok
11-29 18:25:57.684  1299  1299 D b/417220811: invalidateLoadedTasks - previous requestLoadId: -1
11-29 18:25:57.684   831  1016 I HalDevMgr: bestIfaceCreationProposal is null, requestIface=STA, existingIface=[name=wlan0 type=STA]
11-29 18:25:57.720 26678 26678 D ApplicationLoaders: Returning zygote-cached class loader: /system/framework/android.test.base.jar
11-29 18:25:57.731 26678 26678 D nativeloader: Configuring clns-9 for other apk /system/framework/android.test.mock.jar. target_sdk_version=36, uses_libraries=ALL, library_path=/data/app/~~M9QiJzfy970G5mLoNOydyg==/com.example.lab6_lab4_rimantek.test-bvo7Cf2p3QuqiYI9Zdi6tA==/lib/x86_64, permitted_path=/data:/mnt/expand:/data/user/0/com.example.lab6_lab4_rimantek.test
11-29 18:25:57.732 26678 26678 D ApplicationLoaders: Returning zygote-cached class loader: /system/framework/android.test.base.jar
11-29 18:25:57.743 26678 26678 D nativeloader: Configuring clns-10 for other apk /system/framework/android.test.runner.jar. target_sdk_version=36, uses_libraries=ALL, library_path=/data/app/~~M9QiJzfy970G5mLoNOydyg==/com.example.lab6_lab4_rimantek.test-bvo7Cf2p3QuqiYI9Zdi6tA==/lib/x86_64, permitted_path=/data:/mnt/expand:/data/user/0/com.example.lab6_lab4_rimantek.test
11-29 18:25:57.769 26678 26678 D nativeloader: Configuring clns-11 for other apk /data/app/~~M9QiJzfy970G5mLoNOydyg==/com.example.lab6_lab4_rimantek.test-bvo7Cf2p3QuqiYI9Zdi6tA==/base.apk. target_sdk_version=36, uses_libraries=, library_path=/data/app/~~M9QiJzfy970G5mLoNOydyg==/com.example.lab6_lab4_rimantek.test-bvo7Cf2p3QuqiYI9Zdi6tA==/lib/x86_64, permitted_path=/data:/mnt/expand:/data/user/0/com.example.lab6_lab4_rimantek.test
11-29 18:25:57.812 26678 26678 V GraphicsEnvironment: Currently set values for:
11-29 18:25:57.812 26678 26678 V GraphicsEnvironment:   angle_gl_driver_selection_pkgs=[]
11-29 18:25:57.812 26678 26678 V GraphicsEnvironment:   angle_gl_driver_selection_values=[]
11-29 18:25:57.813 26678 26678 V GraphicsEnvironment: com.example.lab6_lab4_rimantek.test is not listed in per-application setting
11-29 18:25:57.813 26678 26678 V GraphicsEnvironment: ANGLE allowlist from config: com.dreamgames.royalmatch com.dts.freefiremax com.dxx.firenow com.gramgames.mergedragons com.ludo.king com.mojang.minecraftpe com.my.defense com.nintendo.zaka com.os.airforce com.playrix.fishdomdd.gplay io.teslatech.callbreak jp.konami.prospia net.peakgames.toonblast
11-29 18:25:57.813 26678 26678 V GraphicsEnvironment: com.example.lab6_lab4_rimantek.test is not listed in ANGLE allowlist or settings, returning default
11-29 18:25:57.813 26678 26678 V GraphicsEnvironment: Neither updatable production driver nor prerelease driver is supported.
11-29 18:25:57.871 26678 26678 E ashmem  : Pinning is deprecated since Android Q. Please use trim or other methods.
11-29 18:25:57.915 26678 26678 D CompatChangeReporter: Compat change id reported: 377864165; UID 10245; state: ENABLED
11-29 18:25:57.916 26678 26678 D DesktopExperienceFlags: Toggle override initialized to: false
11-29 18:25:57.917 26678 26678 D DesktopModeFlags: Toggle override initialized to: OVERRIDE_UNSET
11-29 18:25:57.984 26678 26692 I GFXSTREAM: [eglDisplay.cpp(297)] Opening libGLESv1_CM_emulation.so
11-29 18:25:57.984 26678 26692 I GFXSTREAM: [eglDisplay.cpp(297)] Opening libGLESv2_emulation.so
11-29 18:25:57.991 26678 26678 W HWUI    : Unknown dataspace 0
11-29 18:25:58.004   831  1023 D InetDiagMessage: Destroyed 0 sockets, proto=IPPROTO_TCP, family=AF_INET, states=14
11-29 18:25:58.007   831  1023 D InetDiagMessage: Destroyed 0 sockets, proto=IPPROTO_TCP, family=AF_INET6, states=14
11-29 18:25:58.007   831  1023 D InetDiagMessage: Destroyed live tcp sockets for uids={10150} in 4ms
11-29 18:25:58.008   831  1023 D InetDiagMessage: Destroyed 0 sockets, proto=IPPROTO_TCP, family=AF_INET, states=14
11-29 18:25:58.008   831  1023 D InetDiagMessage: Destroyed 0 sockets, proto=IPPROTO_TCP, family=AF_INET6, states=14
11-29 18:25:58.008   831  1023 D InetDiagMessage: Destroyed live tcp sockets for uids={20150} in 1ms
11-29 18:25:58.034 26678 26692 W HWUI    : Failed to choose config with EGL_SWAP_BEHAVIOR_PRESERVED, retrying without...
11-29 18:25:58.037 26678 26692 W HWUI    : Failed to initialize 101010-2 format, error = EGL_SUCCESS
11-29 18:25:58.213 26623 26623 D VRI[ViewNoteActivity]: visibilityChanged oldVisibility=true newVisibility=false
11-29 18:25:58.245   831  1104 W ImageReader_JNI: Unable to acquire a buffer item, very likely client tried to acquire more than maxImages buffers
11-29 18:25:58.246 26678 26678 D WindowOnBackDispatcher: setTopOnBackInvokedCallback (unwrapped): android.app.Activity$$ExternalSyntheticLambda0@5521abf
11-29 18:25:58.252 26678 26678 D VRI[InstrumentationActivityInvoker$EmptyActivity]: WindowInsets changed: 1080x2400 statusBars:[0,63,0,0] navigationBars:[0,0,0,63] mandatorySystemGestures:[0,63,0,84]
11-29 18:25:58.257  1299  1299 D b/417220811: invalidateLoadedTasks - previous requestLoadId: -1
11-29 18:25:58.271   654   677 W libbinder.ServiceManagerCppClient: Permission failure: android.permission.ACCESS_SURFACE_FLINGER from uid=10245 pid=26678
11-29 18:25:58.271   654   677 D libbinder.PermissionCache: checking android.permission.ACCESS_SURFACE_FLINGER for uid=10245 => denied (737 us)
11-29 18:25:58.271   654   794 W libbinder.ServiceManagerCppClient: Permission failure: android.permission.ACCESS_SURFACE_FLINGER from uid=10245 pid=0
11-29 18:25:58.271   654   794 D libbinder.PermissionCache: checking android.permission.ACCESS_SURFACE_FLINGER for uid=10245 => denied (2306 us)
11-29 18:25:58.271   654   677 W libbinder.ServiceManagerCppClient: Permission failure: android.permission.ROTATE_SURFACE_FLINGER from uid=10245 pid=26678
11-29 18:25:58.271   654   677 D libbinder.PermissionCache: checking android.permission.ROTATE_SURFACE_FLINGER for uid=10245 => denied (462 us)
11-29 18:25:58.272   654   794 W libbinder.ServiceManagerCppClient: Permission failure: android.permission.ROTATE_SURFACE_FLINGER from uid=10245 pid=0
11-29 18:25:58.272   654   794 D libbinder.PermissionCache: checking android.permission.ROTATE_SURFACE_FLINGER for uid=10245 => denied (558 us)
11-29 18:25:58.274   654   794 W libbinder.ServiceManagerCppClient: Permission failure: android.permission.INTERNAL_SYSTEM_WINDOW from uid=10245 pid=0
11-29 18:25:58.274   654   794 D libbinder.PermissionCache: checking android.permission.INTERNAL_SYSTEM_WINDOW for uid=10245 => denied (2038 us)
11-29 18:25:58.274   654   677 W libbinder.ServiceManagerCppClient: Permission failure: android.permission.INTERNAL_SYSTEM_WINDOW from uid=10245 pid=26678
11-29 18:25:58.274   654   677 D libbinder.PermissionCache: checking android.permission.INTERNAL_SYSTEM_WINDOW for uid=10245 => denied (2393 us)
11-29 18:25:58.326   654   794 I libbinder.BpBinder: onLastStrongRef automatically unlinking death recipients for descriptor: '(not cached)'
11-29 18:25:58.521   831  1459 W libbinder.ServiceManagerCppClient: Permission failure: android.permission.ACCESS_SURFACE_FLINGER from uid=10245 pid=0
11-29 18:25:58.521   831  1459 D libbinder.PermissionCache: checking android.permission.ACCESS_SURFACE_FLINGER for uid=10245 => denied (312 us)
11-29 18:25:58.521   831  1459 W libbinder.ServiceManagerCppClient: Permission failure: android.permission.ROTATE_SURFACE_FLINGER from uid=10245 pid=0
11-29 18:25:58.521   831  1459 D libbinder.PermissionCache: checking android.permission.ROTATE_SURFACE_FLINGER for uid=10245 => denied (301 us)
11-29 18:25:58.522   831  1459 W libbinder.ServiceManagerCppClient: Permission failure: android.permission.INTERNAL_SYSTEM_WINDOW from uid=10245 pid=0
11-29 18:25:58.522   831  1459 D libbinder.PermissionCache: checking android.permission.INTERNAL_SYSTEM_WINDOW for uid=10245 => denied (222 us)
11-29 18:25:58.540 26623 26623 D LifecycleMonitor: Lifecycle status change: com.example.lab6_lab4_rimantek.MainActivity@71ba9bc in: STOPPED
11-29 18:25:58.540 26623 26623 V ActivityScenario: Update currentActivityStage to STOPPED, currentActivity=com.example.lab6_lab4_rimantek.MainActivity@71ba9bc
11-29 18:25:58.545 26623 26623 D WindowOnBackDispatcher: setTopOnBackInvokedCallback (unwrapped): null
11-29 18:25:58.546 26623 26623 D LifecycleMonitor: Lifecycle status change: com.example.lab6_lab4_rimantek.MainActivity@71ba9bc in: DESTROYED
11-29 18:25:58.546 26623 26623 V ActivityScenario: Update currentActivityStage to DESTROYED, currentActivity=null
11-29 18:25:58.547 26623 26638 I TestRunner: finished: addNote_showsInList_andCanBeOpened(com.example.lab6_lab4_rimantek.MainFlowUiTest)
