11-29 18:25:47.212 26623 26638 I TestRunner: started: addNote_showsInList_andCanBeOpened(com.example.lab6_lab4_rimantek.MainFlowUiTest)
11-29 18:25:47.265 26623 26638 W Settings: Setting always_finish_activities has moved from android.provider.Settings.System to android.provider.Settings.Global, returning read-only value.
11-29 18:25:47.282 26623 26638 E ashmem  : Pinning is deprecated since Android Q. Please use trim or other methods.
11-29 18:25:47.330   831  2037 V GrammaticalInflectionUtils: AttributionSource: android.content.AttributionSource@e1fcae27 does not have READ_SYSTEM_GRAMMATICAL_GENDER permission.
11-29 18:25:47.393   654   676 I libbinder.BpBinder: onLastStrongRef automatically unlinking death recipients for descriptor: '(not cached)'
11-29 18:25:47.436  1299  1299 D BaseActivity: Launcher flags updated: [state_started|state_resumed|state_deferred_resumed|state_window_focused] -[state_user_active]
11-29 18:25:47.446  1299  1299 D BaseActivity: Launcher flags updated: [state_started|state_window_focused] -[state_resumed|state_deferred_resumed]
11-29 18:25:47.452  1299  1299 W SplitSelectStateCtor: Missing session instanceIds
11-29 18:25:47.452  1299  1299 D StatsLog: LAUNCHER_SPLIT_SELECTION_EXIT_INTERRUPTED
11-29 18:25:47.491  1299  1299 D RecentsView: onTaskDisplayChanged: 95, new displayId = 0
11-29 18:25:47.492  1299  1299 D b/417220811: invalidateLoadedTasks - previous requestLoadId: -1
11-29 18:25:47.567  1299  1299 D BaseActivity: Launcher flags updated: [state_started] -[state_window_focused]
11-29 18:25:47.660 26623 26623 D DesktopExperienceFlags: Toggle override initialized to: false
11-29 18:25:47.672 26623 26646 I GFXSTREAM: [eglDisplay.cpp(297)] Opening libGLESv1_CM_emulation.so
11-29 18:25:47.677 26623 26646 I GFXSTREAM: [eglDisplay.cpp(297)] Opening libGLESv2_emulation.so
11-29 18:25:47.703 26623 26623 D AppCompatDelegate: Checking for metadata for AppLocalesMetadataHolderService : Service not found
11-29 18:25:47.723 26623 26623 D LifecycleMonitor: Lifecycle status change: com.example.lab6_lab4_rimantek.MainActivity@71ba9bc in: PRE_ON_CREATE
11-29 18:25:47.724 26623 26623 V ActivityScenario: Activity lifecycle changed event received but ignored because the reported transition was not ON_CREATE while the last known transition was PRE_ON_CREATE
11-29 18:25:47.732  1299  1299 D b/417220811: invalidateLoadedTasks - previous requestLoadId: -1
11-29 18:25:47.743 26623 26646 W HWUI    : Failed to choose config with EGL_SWAP_BEHAVIOR_PRESERVED, retrying without...
11-29 18:25:47.751 26623 26646 W HWUI    : Failed to initialize 101010-2 format, error = EGL_SUCCESS
11-29 18:25:47.832 26623 26623 D CompatChangeReporter: Compat change id reported: 377864165; UID 10244; state: ENABLED
11-29 18:25:47.832 26623 26623 D DesktopModeFlags: Toggle override initialized to: OVERRIDE_UNSET
11-29 18:25:47.892 26623 26623 I 6_lab4_rimantek: hiddenapi: Accessing hidden method Landroid/view/ViewGroup;->makeOptionalFitsSystemWindows()V (runtime_flags=0, domain=platform, api=unsupported) from Landroidx/appcompat/widget/ViewUtils; (domain=app) using reflection: allowed
11-29 18:25:47.967  1299  1299 D b/417220811: invalidateLoadedTasks - previous requestLoadId: -1
11-29 18:25:48.028   831  3293 W HWUI    : Failed to choose config with EGL_SWAP_BEHAVIOR_PRESERVED, retrying without...
11-29 18:25:48.028   831  3293 W HWUI    : Failed to initialize 101010-2 format, error = EGL_SUCCESS
11-29 18:25:48.072 26623 26623 D LifecycleMonitor: Lifecycle status change: com.example.lab6_lab4_rimantek.MainActivity@71ba9bc in: CREATED
11-29 18:25:48.073 26623 26623 V ActivityScenario: Update currentActivityStage to CREATED, currentActivity=com.example.lab6_lab4_rimantek.MainActivity@71ba9bc
11-29 18:25:48.090 26623 26623 D LifecycleMonitor: Lifecycle status change: com.example.lab6_lab4_rimantek.MainActivity@71ba9bc in: STARTED
11-29 18:25:48.091 26623 26623 V ActivityScenario: Update currentActivityStage to STARTED, currentActivity=com.example.lab6_lab4_rimantek.MainActivity@71ba9bc
11-29 18:25:48.104 26623 26623 D LifecycleMonitor: Lifecycle status change: com.example.lab6_lab4_rimantek.MainActivity@71ba9bc in: RESUMED
11-29 18:25:48.104 26623 26623 V ActivityScenario: Update currentActivityStage to RESUMED, currentActivity=com.example.lab6_lab4_rimantek.MainActivity@71ba9bc
11-29 18:25:48.206 26623 26623 W HWUI    : Unknown dataspace 0
11-29 18:25:48.275  1299  1299 D VRI[NexusLauncherActivity]: visibilityChanged oldVisibility=true newVisibility=false
11-29 18:25:48.277 26623 26623 D WindowOnBackDispatcher: setTopOnBackInvokedCallback (unwrapped): android.app.Activity$$ExternalSyntheticLambda0@beec85f
11-29 18:25:48.285  1299  1299 D NexusLauncherModelDelegate: notifySmartspaceEvent: SmartspaceTargetEvent{mSmartspaceTarget=null, mSmartspaceActionId='null', mEventType=7}
11-29 18:25:48.287  1133  1439 D WallpaperService: onVisibilityChanged(false): com.android.systemui.wallpapers.ImageWallpaper$CanvasEngine@70ae075
11-29 18:25:48.287 26623 26623 D VRI[MainActivity]: WindowInsets changed: 1080x2400 statusBars:[0,63,0,0] navigationBars:[0,0,0,63] mandatorySystemGestures:[0,63,0,84]
11-29 18:25:48.313 26623 26623 I HWUI    : Using FreeType backend (prop=Auto)
11-29 18:25:48.410   654   794 W libbinder.ServiceManagerCppClient: Permission failure: android.permission.ACCESS_SURFACE_FLINGER from uid=10244 pid=0
11-29 18:25:48.410   654   794 D libbinder.PermissionCache: checking android.permission.ACCESS_SURFACE_FLINGER for uid=10244 => denied (440 us)
11-29 18:25:48.410   654   794 W libbinder.ServiceManagerCppClient: Permission failure: android.permission.ROTATE_SURFACE_FLINGER from uid=10244 pid=0
11-29 18:25:48.410   654   794 D libbinder.PermissionCache: checking android.permission.ROTATE_SURFACE_FLINGER for uid=10244 => denied (205 us)
11-29 18:25:48.410   654   794 W libbinder.ServiceManagerCppClient: Permission failure: android.permission.INTERNAL_SYSTEM_WINDOW from uid=10244 pid=0
11-29 18:25:48.410   654   794 D libbinder.PermissionCache: checking android.permission.INTERNAL_SYSTEM_WINDOW for uid=10244 => denied (305 us)
11-29 18:25:48.598   831  1016 I HalDevMgr: bestIfaceCreationProposal is null, requestIface=STA, existingIface=[name=wlan0 type=STA]
11-29 18:25:48.724   831  1655 W libbinder.ServiceManagerCppClient: Permission failure: android.permission.ACCESS_SURFACE_FLINGER from uid=10244 pid=0
11-29 18:25:48.724   831  1655 D libbinder.PermissionCache: checking android.permission.ACCESS_SURFACE_FLINGER for uid=10244 => denied (181 us)
11-29 18:25:48.725   831  1655 W libbinder.ServiceManagerCppClient: Permission failure: android.permission.ROTATE_SURFACE_FLINGER from uid=10244 pid=0
11-29 18:25:48.726   831  1655 D libbinder.PermissionCache: checking android.permission.ROTATE_SURFACE_FLINGER for uid=10244 => denied (1102 us)
11-29 18:25:48.726   831  1655 W libbinder.ServiceManagerCppClient: Permission failure: android.permission.INTERNAL_SYSTEM_WINDOW from uid=10244 pid=0
11-29 18:25:48.726   831  1655 D libbinder.PermissionCache: checking android.permission.INTERNAL_SYSTEM_WINDOW for uid=10244 => denied (124 us)
11-29 18:25:48.732   831   867 I ActivityTaskManager: Displayed com.example.lab6_lab4_rimantek/.MainActivity for user 0: +1s431ms
11-29 18:25:48.813  1506  1521 I FontLog : (REDACTED) Received query %s, URI %s
11-29 18:25:48.816  1506  1521 I FontLog : (REDACTED) Query [%s] resolved to %s
11-29 18:25:48.848  1506  1521 I FontLog : (REDACTED) Fetch %s end status %s
11-29 18:25:48.879  1506  1521 I FontLog : (REDACTED) Pulling font file for id = %d, cache size = %d
11-29 18:25:48.901  1506  1521 I FontLog : (REDACTED) Pulling font file for id = %d, cache size = %d
11-29 18:25:48.916   831   981 I ImeTracker: com.example.lab6_lab4_rimantek:533bb9d9: onRequestHide at ORIGIN_SERVER reason HIDE_UNSPECIFIED_WINDOW fromUser false
11-29 18:25:48.937   831  1655 I ImeTracker: system_server:5deb038e: onRequestHide at ORIGIN_SERVER reason IME_REQUESTED_CHANGED_LISTENER fromUser false
11-29 18:25:48.943   831   870 I ImeTracker: system_server:5deb038e: onCancelled at PHASE_SERVER_SHOULD_HIDE
11-29 18:25:48.943 26623 26623 I ImeTracker: com.example.lab6_lab4_rimantek:533bb9d9: onCancelled at PHASE_CLIENT_ALREADY_HIDDEN
11-29 18:25:48.945 12373 12373 I GoogleInputMethodService: GoogleInputMethodService.onFinishInput():2084
11-29 18:25:48.960 12373 12373 I Module  : DeviceLockedStatusModuleProvider$Module.updateDeviceLockedStatus():103 repeatCheckTimes = 0, locked = false
11-29 18:25:48.968 12373 12373 I GoogleInputMethodService: GoogleInputMethodService.onStartInput():1345 onStartInput(EditorInfo{EditorInfo{packageName=com.example.lab6_lab4_rimantek, inputType=0, inputTypeString=NULL, enableLearning=false, autoCorrection=false, autoComplete=false, imeOptions=0, privateImeOptions=null, actionName=UNSPECIFIED, actionLabel=null, initialSelStart=-1, initialSelEnd=-1, initialCapsMode=0, label=null, fieldId=0, fieldName=null, extras=null, hintText=null, hintLocales=[]}}, false)
11-29 18:25:48.991 12373 12373 I Module  : DeviceLockedStatusModuleProvider$Module.updateDeviceLockedStatus():103 repeatCheckTimes = 1, locked = false
11-29 18:25:49.005  1299  1299 D BaseActivity: Launcher flags updated: [] -[state_started]
11-29 18:25:49.005  1299  1299 D BaseDepthController: setSurface:
11-29 18:25:49.005  1299  1299 D BaseDepthController: 	mWaitingOnSurfaceValidity: false
11-29 18:25:49.005  1299  1299 D BaseDepthController: 	mBaseSurface: null
11-29 18:25:49.008  1299  1299 D BaseDepthController: mSurface is null and mCurrentBlur is: 0
11-29 18:25:49.010 12373 12373 W NotificationCenter: NotificationCenter$NotificationQueue.notifyPendingNotificationsOnExecutor():877 Heavy notify work detected on UI thread: [lyz->oar, lyz->jwv, lyz->lky, lyz->lyc, lyz->gxm, lyz->fww, lyz->hoq, lyz->jwv, lyz->jwv, lyz->jwv, lyz->jwv, lyz->fzd, lyz->jwv, lyz->jyk, lyz->lxt, lyz->jwv, lyz->jwv, lyz->jwv, lyz->nmo, lyz->jwv, lyz->jwv, lyz->jue, lyz->jwv, lyz->jwv, lyz->jwv, lyz->ldf] takes 36ms
11-29 18:25:49.025  1299  1299 D StateManager: goToState - fromState: Normal, toState: Normal, partial trace:
11-29 18:25:49.025  1299  1299 D StateManager: 	at com.android.launcher3.statemanager.StateManager.moveToRestState(go/retraceme f71359c1d0b85a0dd17763d555661201cd80030d766df1ac8ddda60516fd4cfd:6)
11-29 18:25:49.025  1299  1299 D StateManager: 	at com.android.launcher3.statemanager.StateManager.moveToRestState(go/retraceme f71359c1d0b85a0dd17763d555661201cd80030d766df1ac8ddda60516fd4cfd:2)
11-29 18:25:49.025  1299  1299 D StateManager: 	at com.android.launcher3.statemanager.StatefulActivity.onStop(go/retraceme f71359c1d0b85a0dd17763d555661201cd80030d766df1ac8ddda60516fd4cfd:32)
11-29 18:25:49.025  1299  1299 D StateManager: onRepeatStateSetAborted - state: Normal
11-29 18:25:49.027  1299  1299 D ActivityContext: hideKeyboard:
11-29 18:25:49.027  1299  1299 D ActivityContext: java.lang.Exception
11-29 18:25:49.027  1299  1299 D ActivityContext: 	at com.android.launcher3.views.ActivityContext.hideKeyboard(go/retraceme f71359c1d0b85a0dd17763d555661201cd80030d766df1ac8ddda60516fd4cfd:3)
11-29 18:25:49.027  1299  1299 D ActivityContext: 	at com.android.launcher3.Launcher.onStop(go/retraceme f71359c1d0b85a0dd17763d555661201cd80030d766df1ac8ddda60516fd4cfd:17)
11-29 18:25:49.027  1299  1299 D ActivityContext: 	at com.android.launcher3.uioverrides.QuickstepLauncher.onStop(go/retraceme f71359c1d0b85a0dd17763d555661201cd80030d766df1ac8ddda60516fd4cfd:1)
11-29 18:25:49.027  1299  1299 D ActivityContext: 	at com.google.android.apps.nexuslauncher.NexusLauncherActivity.onStop(go/retraceme f71359c1d0b85a0dd17763d555661201cd80030d766df1ac8ddda60516fd4cfd:1)
11-29 18:25:49.027  1299  1299 D ActivityContext: 	at android.app.Instrumentation.callActivityOnStop(Instrumentation.java:1757)
11-29 18:25:49.027  1299  1299 D ActivityContext: 	at android.app.Activity.performStop(Activity.java:9560)
11-29 18:25:49.027  1299  1299 D ActivityContext: 	at android.app.ActivityThread.callActivityOnStop(ActivityThread.java:6241)
11-29 18:25:49.027  1299  1299 D ActivityContext: 	at android.app.ActivityThread.performStopActivityInner(ActivityThread.java:6221)
11-29 18:25:49.027  1299  1299 D ActivityContext: 	at android.app.ActivityThread.handleStopActivity(ActivityThread.java:6284)
11-29 18:25:49.027  1299  1299 D ActivityContext: 	at android.app.servertransaction.StopActivityItem.execute(StopActivityItem.java:43)
11-29 18:25:49.027  1299  1299 D ActivityContext: 	at android.app.servertransaction.ActivityTransactionItem.execute(ActivityTransactionItem.java:63)
11-29 18:25:49.027  1299  1299 D ActivityContext: 	at android.app.servertransaction.TransactionExecutor.executeLifecycleItem(TransactionExecutor.java:169)
11-29 18:25:49.027  1299  1299 D ActivityContext: 	at android.app.servertransaction.TransactionExecutor.executeTransactionItems(TransactionExecutor.java:101)
11-29 18:25:49.027  1299  1299 D ActivityContext: 	at android.app.servertransaction.TransactionExecutor.execute(TransactionExecutor.java:80)
11-29 18:25:49.027  1299  1299 D ActivityContext: 	at android.app.ActivityThread$H.handleMessage(ActivityThread.java:2917)
11-29 18:25:49.027  1299  1299 D ActivityContext: 	at android.os.Handler.dispatchMessage(Handler.java:132)
11-29 18:25:49.027  1299  1299 D ActivityContext: 	at android.os.Looper.dispatchMessage(Looper.java:333)
11-29 18:25:49.027  1299  1299 D ActivityContext: 	at android.os.Looper.loopOnce(Looper.java:263)
11-29 18:25:49.027  1299  1299 D ActivityContext: 	at android.os.Looper.loop(Looper.java:367)
11-29 18:25:49.027  1299  1299 D ActivityContext: 	at android.app.ActivityThread.main(ActivityThread.java:9227)
11-29 18:25:49.027  1299  1299 D ActivityContext: 	at java.lang.reflect.Method.invoke(Native Method)
11-29 18:25:49.027  1299  1299 D ActivityContext: 	at com.android.internal.os.RuntimeInit$MethodAndArgsCaller.run(RuntimeInit.java:566)
11-29 18:25:49.027  1299  1299 D ActivityContext: 	at com.android.internal.os.ZygoteInit.main(ZygoteInit.java:929)
11-29 18:25:49.027  1299  1299 D ActivityContext: isImeShown: false
11-29 18:25:49.027  1299  1299 D StatsLog: LAUNCHER_ONSTOP
11-29 18:25:49.037  1299  1299 D StatsLog: LAUNCHER_GOOGLE_SEARCH_RESTORE_LIST_SIZE_AFTER_ACTIVITY_RESTART
11-29 18:25:49.384 26623 26627 I 6_lab4_rimantek: Compiler allocated 5200KB to compile void android.view.ViewRootImpl.performTraversals()
11-29 18:25:49.404 26623 26638 E AndroidXTracer: enableTracing failed. You may need to upgrade your androidx.tracing:tracing version
11-29 18:25:49.404 26623 26638 E AndroidXTracer: java.lang.NoSuchMethodError: No static method forceEnableAppTracing()V in class Landroidx/tracing/Trace; or its super classes (declaration of 'androidx.tracing.Trace' appears in /data/app/~~yxi4HcWO-PAm4srmrv72bw==/com.example.lab6_lab4_rimantek-0j0AYtm4y5nXtuC7x4UhWg==/base.apk)
11-29 18:25:49.404 26623 26638 E AndroidXTracer: 	at androidx.test.platform.tracing.AndroidXTracer.enableTracing(AndroidXTracer.java:57)
11-29 18:25:49.404 26623 26638 E AndroidXTracer: 	at androidx.test.platform.tracing.Tracing.<init>(Tracing.java:53)
11-29 18:25:49.404 26623 26638 E AndroidXTracer: 	at androidx.test.platform.tracing.Tracing.<clinit>(Tracing.java:49)
11-29 18:25:49.404 26623 26638 E AndroidXTracer: 	at androidx.test.espresso.base.BaseLayerModule.providesTracing(BaseLayerModule.java:190)
11-29 18:25:49.404 26623 26638 E AndroidXTracer: 	at androidx.test.espresso.base.BaseLayerModule_ProvidesTracingFactory.providesTracing(BaseLayerModule_ProvidesTracingFactory.java:41)
11-29 18:25:49.404 26623 26638 E AndroidXTracer: 	at androidx.test.espresso.base.BaseLayerModule_ProvidesTracingFactory.get(BaseLayerModule_ProvidesTracingFactory.java:33)
11-29 18:25:49.404 26623 26638 E AndroidXTracer: 	at androidx.test.espresso.base.BaseLayerModule_ProvidesTracingFactory.get(BaseLayerModule_ProvidesTracingFactory.java:11)
11-29 18:25:49.404 26623 26638 E AndroidXTracer: 	at androidx.test.espresso.core.internal.deps.dagger.internal.DoubleCheck.get(DoubleCheck.java:47)
11-29 18:25:49.404 26623 26638 E AndroidXTracer: 	at androidx.test.espresso.base.IdlingResourceRegistry_Factory.get(IdlingResourceRegistry_Factory.java:38)
11-29 18:25:49.404 26623 26638 E AndroidXTracer: 	at androidx.test.espresso.base.IdlingResourceRegistry_Factory.get(IdlingResourceRegistry_Factory.java:12)
11-29 18:25:49.404 26623 26638 E AndroidXTracer: 	at androidx.test.espresso.core.internal.deps.dagger.internal.DoubleCheck.get(DoubleCheck.java:47)
11-29 18:25:49.404 26623 26638 E AndroidXTracer: 	at androidx.test.espresso.DaggerBaseLayerComponent$BaseLayerComponentImpl.idlingResourceRegistry(DaggerBaseLayerComponent.java:279)
11-29 18:25:49.404 26623 26638 E AndroidXTracer: 	at androidx.test.espresso.Espresso.<clinit>(Espresso.java:64)
11-29 18:25:49.404 26623 26638 E AndroidXTracer: 	at com.example.lab6_lab4_rimantek.MainFlowUiTest.addNote_showsInList_andCanBeOpened(MainFlowUiTest.java:77)
11-29 18:25:49.404 26623 26638 E AndroidXTracer: 	at java.lang.reflect.Method.invoke(Native Method)
11-29 18:25:49.404 26623 26638 E AndroidXTracer: 	at org.junit.runners.model.FrameworkMethod$1.runReflectiveCall(FrameworkMethod.java:59)
11-29 18:25:49.404 26623 26638 E AndroidXTracer: 	at org.junit.internal.runners.model.ReflectiveCallable.run(ReflectiveCallable.java:12)
11-29 18:25:49.404 26623 26638 E AndroidXTracer: 	at org.junit.runners.model.FrameworkMethod.invokeExplosively(FrameworkMethod.java:56)
11-29 18:25:49.404 26623 26638 E AndroidXTracer: 	at org.junit.internal.runners.statements.InvokeMethod.evaluate(InvokeMethod.java:17)
11-29 18:25:49.404 26623 26638 E AndroidXTracer: 	at androidx.test.internal.runner.junit4.statement.RunBefores.evaluate(RunBefores.java:80)
11-29 18:25:49.404 26623 26638 E AndroidXTracer: 	at org.junit.runners.ParentRunner$3.evaluate(ParentRunner.java:306)
11-29 18:25:49.404 26623 26638 E AndroidXTracer: 	at org.junit.runners.BlockJUnit4ClassRunner$1.evaluate(BlockJUnit4ClassRunner.java:100)
11-29 18:25:49.404 26623 26638 E AndroidXTracer: 	at org.junit.runners.ParentRunner.runLeaf(ParentRunner.java:366)
11-29 18:25:49.404 26623 26638 E AndroidXTracer: 	at org.junit.runners.BlockJUnit4ClassRunner.runChild(BlockJUnit4ClassRunner.java:103)
11-29 18:25:49.404 26623 26638 E AndroidXTracer: 	at org.junit.runners.BlockJUnit4ClassRunner.runChild(BlockJUnit4ClassRunner.java:63)
11-29 18:25:49.404 26623 26638 E AndroidXTracer: 	at org.junit.runners.ParentRunner$4.run(ParentRunner.java:331)
11-29 18:25:49.404 26623 26638 E AndroidXTracer: 	at org.junit.runners.ParentRunner$1.schedule(ParentRunner.java:79)
11-29 18:25:49.404 26623 26638 E AndroidXTracer: 	at org.junit.runners.ParentRunner.runChildren(ParentRunner.java:329)
11-29 18:25:49.404 26623 26638 E AndroidXTracer: 	at org.junit.runners.ParentRunner.access$100(ParentRunner.java:66)
11-29 18:25:49.404 26623 26638 E AndroidXTracer: 	at org.junit.runners.ParentRunner$2.evaluate(ParentRunner.java:293)
11-29 18:25:49.404 26623 26638 E AndroidXTracer: 	at org.junit.runners.ParentRunner$3.evaluate(ParentRunner.java:306)
11-29 18:25:49.404 26623 26638 E AndroidXTracer: 	at org.junit.runners.ParentRunner.run(ParentRunner.java:413)
11-29 18:25:49.404 26623 26638 E AndroidXTracer: 	at androidx.test.ext.junit.runners.AndroidJUnit4.run(AndroidJUnit4.java:162)
11-29 18:25:49.404 26623 26638 E AndroidXTracer: 	at org.junit.runners.Suite.runChild(Suite.java:128)
11-29 18:25:49.404 26623 26638 E AndroidXTracer: 	at org.junit.runners.Suite.runChild(Suite.java:27)
11-29 18:25:49.404 26623 26638 E AndroidXTracer: 	at org.junit.runners.ParentRunner$4.run(ParentRunner.java:331)
11-29 18:25:49.404 26623 26638 E AndroidXTracer: 	at org.junit.runners.ParentRunner$1.schedule(ParentRunner.java:79)
11-29 18:25:49.404 26623 26638 E AndroidXTracer: 	at org.junit.runners.ParentRunner.runChildren(ParentRunner.java:329)
11-29 18:25:49.404 26623 26638 E AndroidXTracer: 	at org.junit.runners.ParentRunner.access$100(ParentRunner.java:66)
11-29 18:25:49.404 26623 26638 E AndroidXTracer: 	at org.junit.runners.ParentRunner$2.evaluate(ParentRunner.java:293)
11-29 18:25:49.404 26623 26638 E AndroidXTracer: 	at org.junit.runners.ParentRunner$3.evaluate(ParentRunner.java:306)
11-29 18:25:49.404 26623 26638 E AndroidXTracer: 	at org.junit.runners.ParentRunner.run(ParentRunner.java:413)
11-29 18:25:49.404 26623 26638 E AndroidXTracer: 	at org.junit.runner.JUnitCore.run(JUnitCore.java:137)
11-29 18:25:49.404 26623 26638 E AndroidXTracer: 	at org.junit.runner.JUnitCore.run(JUnitCore.java:115)
11-29 18:25:49.404 26623 26638 E AndroidXTracer: 	at androidx.test.internal.runner.TestExecutor.execute(TestExecutor.java:68)
11-29 18:25:49.405 26623 26638 E AndroidXTracer: 	at androidx.test.internal.runner.TestExecutor.execute(TestExecutor.java:59)
11-29 18:25:49.405 26623 26638 E AndroidXTracer: 	at androidx.test.runner.AndroidJUnitRunner.onStart(AndroidJUnitRunner.java:467)
11-29 18:25:49.405 26623 26638 E AndroidXTracer: 	at android.app.Instrumentation$InstrumentationThread.run(Instrumentation.java:2624)
11-29 18:25:49.405 26623 26638 I Tracing : Tracer added: class androidx.test.platform.tracing.AndroidXTracer
11-29 18:25:49.533 26623 26623 I ViewInteraction: Performing 'Handle transition between action bar and action bar context.' action on view view.getRootView() to equal view
11-29 18:25:49.557 26623 26638 I 6_lab4_rimantek: hiddenapi: Accessing hidden method Landroid/view/ViewConfiguration;->getDoubleTapMinTime()I (runtime_flags=0, domain=platform, api=unsupported) from Landroidx/test/espresso/action/Tap; (domain=app) using reflection: allowed
11-29 18:25:49.564 26623 26623 I ViewInteraction: Performing 'single click' action on view (((view has effective visibility <VISIBLE> and view.getGlobalVisibleRect() to return non-empty rectangle) and view.getContentDescription() is "More options") or ((view has effective visibility <VISIBLE> and view.getGlobalVisibleRect() to return non-empty rectangle) and view.getClass().getName() matches: a string ending with "OverflowMenuButton"))
11-29 18:25:49.574 26623 26658 I 6_lab4_rimantek: hiddenapi: Accessing hidden method Landroid/hardware/input/InputManager;->injectInputEvent(Landroid/view/InputEvent;I)Z (runtime_flags=0, domain=platform, api=unsupported) from Landroidx/test/internal/platform/reflect/ReflectiveMethod; (domain=app) using reflection: allowed
11-29 18:25:49.616  1133  1206 D ShellBackPreview: Skipping dispatching onBackCancelled. Start was never dispatched.
11-29 18:25:49.754   831  1655 W AS.PlaybackActivityMon: No piid assigned for invalid/internal port id 15
11-29 18:25:49.832 26623 26623 D WindowOnBackDispatcher: setTopOnBackInvokedCallback (unwrapped): android.widget.PopupWindow$PopupDecorView$$ExternalSyntheticLambda1@355dde6
11-29 18:25:50.591  1289  1411 D SatelliteController: iisInCarrierRoamingNbIotNtn: satellite is disabled
11-29 18:25:50.600  1289  1411 D SatelliteController: getCarrierRoamingNtnConnectType: Falling back to global carrier config connect type: 0
11-29 18:25:50.666 26623 26623 I ViewInteraction: Performing 'single click' action on view an instance of android.widget.TextView and view.getText() equals string from resource id: <2131755110> [menu_add_note] value: Add Note
11-29 18:25:50.802   831  1095 W AS.PlaybackActivityMon: No piid assigned for invalid/internal port id 15
11-29 18:25:50.806   831  1972 V GrammaticalInflectionUtils: AttributionSource: android.content.AttributionSource@e1fcae27 does not have READ_SYSTEM_GRAMMATICAL_GENDER permission.
11-29 18:25:50.820   654   794 I libbinder.BpBinder: onLastStrongRef automatically unlinking death recipients for descriptor: '(not cached)'
11-29 18:25:50.820 26623 26623 D WindowOnBackDispatcher: setTopOnBackInvokedCallback (unwrapped): null
11-29 18:25:50.829   650   761 D AudioFlinger: mixer(0x728cbd5627d0) throttle end: throttle time(40)
11-29 18:25:50.840 26623 26623 D LifecycleMonitor: Lifecycle status change: com.example.lab6_lab4_rimantek.MainActivity@71ba9bc in: PAUSED
11-29 18:25:50.840 26623 26623 V ActivityScenario: Update currentActivityStage to PAUSED, currentActivity=com.example.lab6_lab4_rimantek.MainActivity@71ba9bc
11-29 18:25:50.870 26623 26623 D LifecycleMonitor: Lifecycle status change: com.example.lab6_lab4_rimantek.AddNoteActivity@3c0fa91 in: PRE_ON_CREATE
11-29 18:25:50.870 26623 26623 V ActivityScenario: Activity lifecycle changed event received but ignored because the intent does not match. startActivityIntent=Intent { act=android.intent.action.MAIN cat=[android.intent.category.LAUNCHER] flg=0x10008000 cmp=com.example.lab6_lab4_rimantek/.MainActivity }, activity.getIntent()=Intent { xflg=0x4 cmp=com.example.lab6_lab4_rimantek/.AddNoteActivity }, activity=com.example.lab6_lab4_rimantek.AddNoteActivity@3c0fa91
11-29 18:25:50.951  1299  1299 D b/417220811: invalidateLoadedTasks - previous requestLoadId: -1
11-29 18:25:50.987 26623 26623 D LifecycleMonitor: Lifecycle status change: com.example.lab6_lab4_rimantek.AddNoteActivity@3c0fa91 in: CREATED
11-29 18:25:50.988 26623 26623 V ActivityScenario: Activity lifecycle changed event received but ignored because the intent does not match. startActivityIntent=Intent { act=android.intent.action.MAIN cat=[android.intent.category.LAUNCHER] flg=0x10008000 cmp=com.example.lab6_lab4_rimantek/.MainActivity }, activity.getIntent()=Intent { xflg=0x4 cmp=com.example.lab6_lab4_rimantek/.AddNoteActivity }, activity=com.example.lab6_lab4_rimantek.AddNoteActivity@3c0fa91
11-29 18:25:50.989 26623 26623 D LifecycleMonitor: Lifecycle status change: com.example.lab6_lab4_rimantek.AddNoteActivity@3c0fa91 in: STARTED
11-29 18:25:50.990 26623 26623 V ActivityScenario: Activity lifecycle changed event received but ignored because the intent does not match. startActivityIntent=Intent { act=android.intent.action.MAIN cat=[android.intent.category.LAUNCHER] flg=0x10008000 cmp=com.example.lab6_lab4_rimantek/.MainActivity }, activity.getIntent()=Intent { xflg=0x4 cmp=com.example.lab6_lab4_rimantek/.AddNoteActivity }, activity=com.example.lab6_lab4_rimantek.AddNoteActivity@3c0fa91
11-29 18:25:50.991 26623 26623 D LifecycleMonitor: Lifecycle status change: com.example.lab6_lab4_rimantek.AddNoteActivity@3c0fa91 in: RESUMED
11-29 18:25:50.992 26623 26623 V ActivityScenario: Activity lifecycle changed event received but ignored because the intent does not match. startActivityIntent=Intent { act=android.intent.action.MAIN cat=[android.intent.category.LAUNCHER] flg=0x10008000 cmp=com.example.lab6_lab4_rimantek/.MainActivity }, activity.getIntent()=Intent { xflg=0x4 cmp=com.example.lab6_lab4_rimantek/.AddNoteActivity }, activity=com.example.lab6_lab4_rimantek.AddNoteActivity@3c0fa91
11-29 18:25:51.034 26623 26623 D WindowOnBackDispatcher: setTopOnBackInvokedCallback (unwrapped): android.app.Activity$$ExternalSyntheticLambda0@895b4c0
11-29 18:25:51.039 26623 26623 D AutofillManager: view not autofillable - has multiline input type
11-29 18:25:51.040 26623 26623 D AutofillManager: view not autofillable - has multiline input type
11-29 18:25:51.040 26623 26623 D VRI[AddNoteActivity]: WindowInsets changed: 1080x2400 statusBars:[0,63,0,0] navigationBars:[0,0,0,63] mandatorySystemGestures:[0,63,0,84]
11-29 18:25:51.231   831   867 I ActivityTaskManager: Displayed com.example.lab6_lab4_rimantek/.AddNoteActivity for user 0: +424ms
11-29 18:25:51.318 26623 26646 D HWUI    : endAllActiveAnimators on 0x7d7d5a02f340 (MenuPopupWindow$MenuDropDownListView) with handle 0x7d7d0a03cc30
11-29 18:25:51.409   831   981 I ImeTracker: com.example.lab6_lab4_rimantek:52ef8d8f: onRequestHide at ORIGIN_SERVER reason HIDE_UNSPECIFIED_WINDOW fromUser false
11-29 18:25:51.412 26623 26623 I ImeTracker: com.example.lab6_lab4_rimantek:52ef8d8f: onCancelled at PHASE_CLIENT_ALREADY_HIDDEN
11-29 18:25:51.412 12373 12373 I GoogleInputMethodService: GoogleInputMethodService.onFinishInput():2084
11-29 18:25:51.415   831  1096 I ImeTracker: system_server:f7ad0c77: onRequestHide at ORIGIN_SERVER reason IME_REQUESTED_CHANGED_LISTENER fromUser false
11-29 18:25:51.415 12373 12373 I Module  : DeviceLockedStatusModuleProvider$Module.updateDeviceLockedStatus():103 repeatCheckTimes = 0, locked = false
11-29 18:25:51.420 12373 12373 I GoogleInputMethodService: GoogleInputMethodService.onStartInput():1345 onStartInput(EditorInfo{EditorInfo{packageName=com.example.lab6_lab4_rimantek, inputType=0, inputTypeString=NULL, enableLearning=false, autoCorrection=false, autoComplete=false, imeOptions=0, privateImeOptions=null, actionName=UNSPECIFIED, actionLabel=null, initialSelStart=-1, initialSelEnd=-1, initialCapsMode=0, label=null, fieldId=0, fieldName=null, extras=null, hintText=null, hintLocales=[]}}, false)
11-29 18:25:51.421   831   870 I ImeTracker: system_server:f7ad0c77: onCancelled at PHASE_SERVER_SHOULD_HIDE
11-29 18:25:51.421 12373 12373 I Module  : DeviceLockedStatusModuleProvider$Module.updateDeviceLockedStatus():103 repeatCheckTimes = 1, locked = false
11-29 18:25:51.559 26623 26623 I ViewInteraction: Performing 'type text(Test note)' action on view view.getId() is <2131231056/com.example.lab6_lab4_rimantek:id/noteTitleEditText>
11-29 18:25:51.608   831  1016 I HalDevMgr: bestIfaceCreationProposal is null, requestIface=STA, existingIface=[name=wlan0 type=STA]
11-29 18:25:51.640 26623 26623 I AutofillManager: showAutofillDialog() return false due to improve fill dialog
11-29 18:25:51.643 26623 26623 I ImeTracker: com.example.lab6_lab4_rimantek:71264ccc: onRequestShow at ORIGIN_CLIENT reason SHOW_SOFT_INPUT fromUser true
11-29 18:25:51.652 12373 12373 I GoogleInputMethodService: GoogleInputMethodService.onFinishInput():2084
11-29 18:25:51.654 12373 12373 I Module  : DeviceLockedStatusModuleProvider$Module.updateDeviceLockedStatus():103 repeatCheckTimes = 0, locked = false
11-29 18:25:51.661 12373 12373 I GoogleInputMethodService: GoogleInputMethodService.onStartInput():1345 onStartInput(EditorInfo{EditorInfo{packageName=com.example.lab6_lab4_rimantek, inputType=20001, inputTypeString=Normal[MultiLine], enableLearning=true, autoCorrection=true, autoComplete=true, imeOptions=48000005, privateImeOptions=null, actionName=NEXT, actionLabel=null, initialSelStart=0, initialSelEnd=0, initialCapsMode=0, label=null, fieldId=2131231056, fieldName=null, extras=Bundle[mParcelledData.dataSize=404], hintText=non-empty, hintLocales=[]}}, false)
11-29 18:25:51.669 12373 12373 I Module  : DeviceLockedStatusModuleProvider$Module.updateDeviceLockedStatus():103 repeatCheckTimes = 1, locked = false
11-29 18:25:51.677 26623 26623 I AssistStructure: Flattened final assist data: 1936 bytes, containing 1 windows, 8 views
11-29 18:25:51.692 12373 12373 I DeviceIntelligenceExtension: DeviceIntelligenceExtension.getInlineSuggestionsRequest():257 Inline suggestions disabled in stylus mode or vertical PK/Voice toolbar
11-29 18:25:51.697 12373 12373 I StylusModule: StylusModule.onUpdateToolType():799 Update tool type = 2
11-29 18:25:51.733 12373 12373 I GoogleInputMethodService: GoogleInputMethodService.onStartInputView():1438 onStartInputView(EditorInfo{EditorInfo{packageName=com.example.lab6_lab4_rimantek, inputType=20001, inputTypeString=Normal[MultiLine], enableLearning=true, autoCorrection=true, autoComplete=true, imeOptions=48000005, privateImeOptions=null, actionName=NEXT, actionLabel=null, initialSelStart=0, initialSelEnd=0, initialCapsMode=0, label=null, fieldId=2131231056, fieldName=null, extras=Bundle[{android.support.text.emoji.emojiCompat_metadataVersion=11, androidx.core.view.inputmethod.EditorInfoCompat.STYLUS_HANDWRITING_ENABLED=true, android.support.text.emoji.emojiCompat_replaceAll=false}], hintText=non-empty, hintLocales=[]}}, false)
11-29 18:25:51.750 12373 12373 I KeyboardHeightUtil: KeyboardHeightUtil.getOemKeyboardHeightRatio():108 systemKeyboardHeightRatio:1.000000.
11-29 18:25:51.759 12373 12373 I AndroidIME: InputBundleManager.loadActiveInputBundleId():528 loadActiveInputBundleId: en-US, ime_english_united_states
11-29 18:25:51.764 12373 12373 I AndroidIME: AbstractIme.onActivate():96 LatinIme.onActivate() : EditorInfo = EditorInfo{packageName=com.example.lab6_lab4_rimantek, inputType=20001, inputTypeString=Normal[MultiLine], enableLearning=true, autoCorrection=true, autoComplete=true, imeOptions=48000005, privateImeOptions=null, actionName=NEXT, actionLabel=null, initialSelStart=0, initialSelEnd=0, initialCapsMode=0, label=null, fieldId=2131231056, fieldName=null, extras=Bundle[{android.support.text.emoji.emojiCompat_metadataVersion=11, androidx.core.view.inputmethod.EditorInfoCompat.STYLUS_HANDWRITING_ENABLED=true, android.support.text.emoji.emojiCompat_replaceAll=false}], hintText=non-empty, hintLocales=[]}, IncognitoMode = false, DeviceLocked = false
11-29 18:25:51.772  1506  1506 E AbstractGmsTracer: Traced class shouldn't be obfuscated: aowm [CONTEXT service_id=259 ]
11-29 18:25:51.774 12373 12373 I InputBundle: InputBundle.consumeEvent():1033 Skip consuming an event as keyboard status is INACTIVE
11-29 18:25:51.779 12373 12373 I Delight5Facilitator: Delight5Facilitator.initializeForIme():739 initializeForIme() : Locale = [en_US], layout = qwerty
11-29 18:25:51.781 26623 26623 D VRI[MainActivity]: visibilityChanged oldVisibility=true newVisibility=false
11-29 18:25:51.823 26623 26623 D LifecycleMonitor: Lifecycle status change: com.example.lab6_lab4_rimantek.MainActivity@71ba9bc in: STOPPED
11-29 18:25:51.823 26623 26623 V ActivityScenario: Update currentActivityStage to STOPPED, currentActivity=com.example.lab6_lab4_rimantek.MainActivity@71ba9bc
11-29 18:25:51.885 12373 12373 I LatinIme: LatinIme.updateEnableInlineSuggestionsOnDecoderSideFlags():1246 inline flag updated to:false
11-29 18:25:51.904 12373 12373 I LatinIme: LatinIme.updateEnableInlineSuggestionsOnDecoderSideFlags():1246 inline flag updated to:false
11-29 18:25:51.912 26623 26623 D UiControllerImpl: Injecting string: "Test note"
11-29 18:25:51.964  1753  1753 D BoundBrokerSvc: onBind: Intent { act=com.google.android.mdd.service.START dat=chimera-action:/... xflg=0x4 cmp=com.google.android.gms/.chimera.GmsBoundBrokerService }
11-29 18:25:51.964  1753  1753 D BoundBrokerSvc: Loading bound service for intent: Intent { act=com.google.android.mdd.service.START dat=chimera-action:/... xflg=0x4 cmp=com.google.android.gms/.chimera.GmsBoundBrokerService }
11-29 18:25:52.048  1308  1308 V InlineSuggestionRenderService: handleDestroySuggestionViews called for 0:2132891254
11-29 18:25:52.049  1506  1512 W .gms.persistent: Suspending all threads took: 5.497ms
11-29 18:25:52.059 12373 12373 I InputBundle: InputBundle.consumeEvent():1033 Skip consuming an event as keyboard status is INACTIVE
11-29 18:25:52.060 12373 12373 I LatinIme: LatinIme.resetInputContext():2250 resetInputContext(): reason=1, externalEditsInfo=ExternalEditsInfo{action=0, offset=-1, text=null, originalText=null, edits=null}
11-29 18:25:52.061 12373 12373 I InputBundle: InputBundle.consumeEvent():1033 Skip consuming an event as keyboard status is INACTIVE
11-29 18:25:52.070 12373 12440 I Delight5Decoder: Delight5DecoderWrapper.setKeyboardLayout():536 setKeyboardLayout()
11-29 18:25:52.073 12373 12373 I KeyboardWrapper: KeyboardWrapper.activateKeyboard():581 activateKeyboard(): type=accessory, status=INACTIVE, imeDef=mog{stringId=ime_english_united_states, language=en-US, languageTag=en-US, processedConditions={writing_helper_enable_by_word_revert=false, true=true, enable_number_row=false, device=phone, enable_pk_simulator=false}, className=com.google.android.apps.inputmethod.libs.latin5.LatinIme, label=0, keyEventInterpreter=null, inlineComposing=true, autoCapital=true, announceAutoSelectedCandidate=true, statusIcon=0, indicatorIcon=0, indicatorLabel=US, displayAppCompletions=true, extraValues=mnz{#0x7f0b02e2=TypedValue{t=0x3/d=0x0 "com.google.android.apps.inputmethod.libs.latin5.LatinIme"}}, processors=mpx@ad382a0, unacceptableMetaKeys=4098, languageSpecificSettings=0, asciiCapable=true, alwaysShowSuggestions=false, useAsciiPasswordKeyboard=false, keyboardGroupDef=mpg@f7e8244, phenotypeFlagId=0, localizationLanguageTag=null, supportsInlineSuggestion=true}
11-29 18:25:52.074 12373 12373 I KeyboardManager: KeyboardManager.requestKeyboard():248 Creating keyboard accessory, imeId=ime_english_united_states, cacheKey=theme,!gsf,!pgsans,!pgsf,!use_system_font,BORDER,FLAVOR_DPI=XXHDPI,GOOGLE_ICONS,IS_LIGHT,KEYBOARD_WIDTH_CATEGORY=NORMAL,KEY_BORDER_SHAPE=1,LIGHT_THEME=true,PHYSICAL_DIAGONAL=6.1297245,POPUP,SCREEN_SHORTEST_WIDTH=411,SCREEN_SHORTEST_WIDTH_NO_SCALE=411,SW400DP,XXHDPI,bottom4dp,enable_emoji_kitchen_browse_color_v2=true,enable_google_fonts_icons=true,enable_popup_on_keypress=true,keyboard_redesign_google_sans=true,noshadow,overlay_builtin_dynamic_color_light_base.binarypb:gm3-light-fffaf8fe-ff4e5e8b-4fee5571778e92b08ff4c2d3d15b9d3f,roundedchip,silkpopup
11-29 18:25:52.079 12373 12373 I KeyboardWrapper: KeyboardWrapper.onKeyboardReady():224 onKeyboardReady(): type=accessory(accessory), kb=com.google.android.libraries.inputmethod.keyboard.impl.Keyboard@2eca86c
11-29 18:25:52.079 12373 12373 I KeyboardWrapper: KeyboardWrapper.doActivateKeyboard():611 doActivateKeyboard(): accessory
11-29 18:25:52.084 12373 12373 W Keyboard: Keyboard.getKeyboardViewHelper():602 null helper is returned: keyboardDef=mpa{processedConditions={}, globalConditions={}, className=com.google.android.libraries.inputmethod.keyboard.impl.Keyboard, resourceIds=[#0x7f17004d], initialStates=0, keyboardViewDefs=[], persistentStates=0, persistentStatesPrefKey=null, popupBubbleLayoutId=0, recentKeyLayoutId=0, recentKeyPopupLayoutId=0, recentKeyType=null, rememberRecentKey=NONE, sessionStates=0}, type=HEADER, helpersCreated={}, context.getResources().getConfiguration(): {1.0 310mcc260mnc [en_US] ldltr sw411dp w411dp h914dp 420dpi nrml long compactNeeded port finger qwerty/v/v dpad/v winConfig={ mBounds=Rect(0, 0 - 1080, 2400) mAppBounds=Rect(0, 0 - 1080, 2400) mMaxBounds=Rect(0, 0 - 1080, 2400) mDisplayRotation=ROTATION_0 mWindowingMode=fullscreen mActivityType=undefined mAlwaysOnTop=undefined mRotation=ROTATION_0} s.109 fontWeightAdjustment=0}
11-29 18:25:52.088 12373 12373 W Keyboard: Keyboard.getKeyboardViewHelper():602 null helper is returned: keyboardDef=mpa{processedConditions={}, globalConditions={}, className=com.google.android.libraries.inputmethod.keyboard.impl.Keyboard, resourceIds=[#0x7f17004d], initialStates=0, keyboardViewDefs=[], persistentStates=0, persistentStatesPrefKey=null, popupBubbleLayoutId=0, recentKeyLayoutId=0, recentKeyPopupLayoutId=0, recentKeyType=null, rememberRecentKey=NONE, sessionStates=0}, type=BODY, helpersCreated={}, context.getResources().getConfiguration(): {1.0 310mcc260mnc [en_US] ldltr sw411dp w411dp h914dp 420dpi nrml long compactNeeded port finger qwerty/v/v dpad/v winConfig={ mBounds=Rect(0, 0 - 1080, 2400) mAppBounds=Rect(0, 0 - 1080, 2400) mMaxBounds=Rect(0, 0 - 1080, 2400) mDisplayRotation=ROTATION_0 mWindowingMode=fullscreen mActivityType=undefined mAlwaysOnTop=undefined mRotation=ROTATION_0} s.109 fontWeightAdjustment=0}
11-29 18:25:52.089 12373 12373 I GlobeKeyExtension: GlobeKeyExtension.getKeyboardInitialStates():175
11-29 18:25:52.095 12373 12373 W Keyboard: Keyboard.getKeyboardViewHelper():602 null helper is returned: keyboardDef=mpa{processedConditions={}, globalConditions={}, className=com.google.android.libraries.inputmethod.keyboard.impl.Keyboard, resourceIds=[#0x7f17004d], initialStates=0, keyboardViewDefs=[], persistentStates=0, persistentStatesPrefKey=null, popupBubbleLayoutId=0, recentKeyLayoutId=0, recentKeyPopupLayoutId=0, recentKeyType=null, rememberRecentKey=NONE, sessionStates=0}, type=HEADER, helpersCreated={}, context.getResources().getConfiguration(): {1.0 310mcc260mnc [en_US] ldltr sw411dp w411dp h914dp 420dpi nrml long compactNeeded port finger qwerty/v/v dpad/v winConfig={ mBounds=Rect(0, 0 - 1080, 2400) mAppBounds=Rect(0, 0 - 1080, 2400) mMaxBounds=Rect(0, 0 - 1080, 2400) mDisplayRotation=ROTATION_0 mWindowingMode=fullscreen mActivityType=undefined mAlwaysOnTop=undefined mRotation=ROTATION_0} s.109 fontWeightAdjustment=0}
11-29 18:25:52.096 12373 12373 W Keyboard: Keyboard.getKeyboardViewHelper():602 null helper is returned: keyboardDef=mpa{processedConditions={}, globalConditions={}, className=com.google.android.libraries.inputmethod.keyboard.impl.Keyboard, resourceIds=[#0x7f17004d], initialStates=0, keyboardViewDefs=[], persistentStates=0, persistentStatesPrefKey=null, popupBubbleLayoutId=0, recentKeyLayoutId=0, recentKeyPopupLayoutId=0, recentKeyType=null, rememberRecentKey=NONE, sessionStates=0}, type=BODY, helpersCreated={}, context.getResources().getConfiguration(): {1.0 310mcc260mnc [en_US] ldltr sw411dp w411dp h914dp 420dpi nrml long compactNeeded port finger qwerty/v/v dpad/v winConfig={ mBounds=Rect(0, 0 - 1080, 2400) mAppBounds=Rect(0, 0 - 1080, 2400) mMaxBounds=Rect(0, 0 - 1080, 2400) mDisplayRotation=ROTATION_0 mWindowingMode=fullscreen mActivityType=undefined mAlwaysOnTop=undefined mRotation=ROTATION_0} s.109 fontWeightAdjustment=0}
11-29 18:25:52.097 12373 12373 W Keyboard: Keyboard.getKeyboardViewHelper():602 null helper is returned: keyboardDef=mpa{processedConditions={}, globalConditions={}, className=com.google.android.libraries.inputmethod.keyboard.impl.Keyboard, resourceIds=[#0x7f17004d], initialStates=0, keyboardViewDefs=[], persistentStates=0, persistentStatesPrefKey=null, popupBubbleLayoutId=0, recentKeyLayoutId=0, recentKeyPopupLayoutId=0, recentKeyType=null, rememberRecentKey=NONE, sessionStates=0}, type=FLOATING_CANDIDATES, helpersCreated={}, context.getResources().getConfiguration(): {1.0 310mcc260mnc [en_US] ldltr sw411dp w411dp h914dp 420dpi nrml long compactNeeded port finger qwerty/v/v dpad/v winConfig={ mBounds=Rect(0, 0 - 1080, 2400) mAppBounds=Rect(0, 0 - 1080, 2400) mMaxBounds=Rect(0, 0 - 1080, 2400) mDisplayRotation=ROTATION_0 mWindowingMode=fullscreen mActivityType=undefined mAlwaysOnTop=undefined mRotation=ROTATION_0} s.109 fontWeightAdjustment=0}
11-29 18:25:52.097 12373 12373 W Keyboard: Keyboard.getKeyboardViewHelper():602 null helper is returned: keyboardDef=mpa{processedConditions={}, globalConditions={}, className=com.google.android.libraries.inputmethod.keyboard.impl.Keyboard, resourceIds=[#0x7f17004d], initialStates=0, keyboardViewDefs=[], persistentStates=0, persistentStatesPrefKey=null, popupBubbleLayoutId=0, recentKeyLayoutId=0, recentKeyPopupLayoutId=0, recentKeyType=null, rememberRecentKey=NONE, sessionStates=0}, type=WIDGET, helpersCreated={}, context.getResources().getConfiguration(): {1.0 310mcc260mnc [en_US] ldltr sw411dp w411dp h914dp 420dpi nrml long compactNeeded port finger qwerty/v/v dpad/v winConfig={ mBounds=Rect(0, 0 - 1080, 2400) mAppBounds=Rect(0, 0 - 1080, 2400) mMaxBounds=Rect(0, 0 - 1080, 2400) mDisplayRotation=ROTATION_0 mWindowingMode=fullscreen mActivityType=undefined mAlwaysOnTop=undefined mRotation=ROTATION_0} s.109 fontWeightAdjustment=0}
11-29 18:25:52.100 12373 12373 I KeyboardManager: KeyboardManager.requestKeyboard():248 Creating keyboard accessory_candidates_consumer, imeId=ime_english_united_states, cacheKey=theme,!gsf,!pgsans,!pgsf,!use_system_font,BORDER,FLAVOR_DPI=XXHDPI,GOOGLE_ICONS,IS_LIGHT,KEYBOARD_WIDTH_CATEGORY=NORMAL,KEY_BORDER_SHAPE=1,LIGHT_THEME=true,PHYSICAL_DIAGONAL=6.1297245,POPUP,SCREEN_SHORTEST_WIDTH=411,SCREEN_SHORTEST_WIDTH_NO_SCALE=411,SW400DP,XXHDPI,bottom4dp,enable_emoji_kitchen_browse_color_v2=true,enable_google_fonts_icons=true,enable_popup_on_keypress=true,keyboard_redesign_google_sans=true,noshadow,overlay_builtin_dynamic_color_light_base.binarypb:gm3-light-fffaf8fe-ff4e5e8b-4fee5571778e92b08ff4c2d3d15b9d3f,roundedchip,silkpopup
11-29 18:25:52.104  1506  1506 E AbstractGmsTracer: Traced class shouldn't be obfuscated: aowm [CONTEXT service_id=259 ]
11-29 18:25:52.108 12373 12373 I GlobeKeyExtension: GlobeKeyExtension.getKeyboardInitialStates():175
11-29 18:25:52.108 12373 12373 W Keyboard: Keyboard.getKeyboardViewHelper():602 null helper is returned: keyboardDef=mpa{processedConditions={}, globalConditions={global_theme_key=theme,!gsf,!pgsans,!pgsf,!use_system_font,BORDER,FLAVOR_DPI=XXHDPI,GOOGLE_ICONS,IS_LIGHT,KEYBOARD_WIDTH_CATEGORY=NORMAL,KEY_BORDER_SHAPE=1,LIGHT_THEME=true,PHYSICAL_DIAGONAL=6.1297245,POPUP,SCREEN_SHORTEST_WIDTH=411,SCREEN_SHORTEST_WIDTH_NO_SCALE=411,SW400DP,XXHDPI,bottom4dp,enable_emoji_kitchen_browse_color_v2=true,enable_google_fonts_icons=true,enable_popup_on_keypress=true,keyboard_redesign_google_sans=true,noshadow,overlay_builtin_dynamic_color_light_base.binarypb:gm3-light-fffaf8fe-ff4e5e8b-4fee5571778e92b08ff4c2d3d15b9d3f,roundedchip,silkpopup, global_locale=en_US, global_density_dpi=420, global_orientation=1}, className=.latin.keyboard.AccessoryKeyboard, resourceIds=[#0x7f17004c], initialStates=0, keyboardViewDefs=[mpo{direction=null, id=#0x7f0b0226, isScalable=false, layoutId=#0x7f0e0032, type=FLOATING_CANDIDATES, touchable=true, defaultShow=false}], persistentStates=0, persistentStatesPrefKey=null, popupBubbleLayoutId=#0x7f0e05f3, recentKeyLayoutId=0, recentKeyPopupLayoutId=0, recentKeyType=null, rememberRecentKey=NONE, sessionStates=0}, type=HEADER, helpersCreated={FLOATING_CANDIDATES=mbd@4bf2cc6}, context.getResources().getConfiguration(): {1.0 310mcc260mnc [en_US] ldltr sw411dp w411dp h914dp 420dpi nrml long compactNeeded port finger qwerty/v/v dpad/v winConfig={ mBounds=Rect(0, 0 - 1080, 2400) mAppBounds=Rect(0, 0 - 1080, 2400) mMaxBounds=Rect(0, 0 - 1080, 2400) mDisplayRotation=ROTATION_0 mWindowingMode=fullscreen mActivityType=undefined mAlwaysOnTop=undefined mRotation=ROTATION_0} s.109 fontWeightAdjustment=0}
11-29 18:25:52.109 12373 12373 W Keyboard: Keyboard.getKeyboardViewHelper():602 null helper is returned: keyboardDef=mpa{processedConditions={}, globalConditions={global_theme_key=theme,!gsf,!pgsans,!pgsf,!use_system_font,BORDER,FLAVOR_DPI=XXHDPI,GOOGLE_ICONS,IS_LIGHT,KEYBOARD_WIDTH_CATEGORY=NORMAL,KEY_BORDER_SHAPE=1,LIGHT_THEME=true,PHYSICAL_DIAGONAL=6.1297245,POPUP,SCREEN_SHORTEST_WIDTH=411,SCREEN_SHORTEST_WIDTH_NO_SCALE=411,SW400DP,XXHDPI,bottom4dp,enable_emoji_kitchen_browse_color_v2=true,enable_google_fonts_icons=true,enable_popup_on_keypress=true,keyboard_redesign_google_sans=true,noshadow,overlay_builtin_dynamic_color_light_base.binarypb:gm3-light-fffaf8fe-ff4e5e8b-4fee5571778e92b08ff4c2d3d15b9d3f,roundedchip,silkpopup, global_locale=en_US, global_density_dpi=420, global_orientation=1}, className=.latin.keyboard.AccessoryKeyboard, resourceIds=[#0x7f17004c], initialStates=0, keyboardViewDefs=[mpo{direction=null, id=#0x7f0b0226, isScalable=false, layoutId=#0x7f0e0032, type=FLOATING_CANDIDATES, touchable=true, defaultShow=false}], persistentStates=0, persistentStatesPrefKey=null, popupBubbleLayoutId=#0x7f0e05f3, recentKeyLayoutId=0, recentKeyPopupLayoutId=0, recentKeyType=null, rememberRecentKey=NONE, sessionStates=0}, type=BODY, helpersCreated={FLOATING_CANDIDATES=mbd@4bf2cc6}, context.getResources().getConfiguration(): {1.0 310mcc260mnc [en_US] ldltr sw411dp w411dp h914dp 420dpi nrml long compactNeeded port finger qwerty/v/v dpad/v winConfig={ mBounds=Rect(0, 0 - 1080, 2400) mAppBounds=Rect(0, 0 - 1080, 2400) mMaxBounds=Rect(0, 0 - 1080, 2400) mDisplayRotation=ROTATION_0 mWindowingMode=fullscreen mActivityType=undefined mAlwaysOnTop=undefined mRotation=ROTATION_0} s.109 fontWeightAdjustment=0}
11-29 18:25:52.138 12373 12373 I AndroidIME: InputBundleManager.startInput():358 startInput() with mpk[keyboardType=accessory, payload=null]
11-29 18:25:52.139 12373 12373 I GlobeKeyExtension: GlobeKeyExtension.onActivate():120
11-29 18:25:52.226 12373 12373 W AutoPasteSuggestionHelper: AutoPasteSuggestionHelper.setMaxWidthOfChipTextView():1070 Failed to get the width of the proactive suggestion view holder in HEADER.
11-29 18:25:52.231 12373 12373 W AutoPasteSuggestionHelper: AutoPasteSuggestionHelper.setMaxWidthOfChipTextView():1070 Failed to get the width of the proactive suggestion view holder in HEADER.
11-29 18:25:52.248 12373 12373 W AutoPasteSuggestionHelper: AutoPasteSuggestionHelper.setMaxWidthOfChipTextView():1070 Failed to get the width of the proactive suggestion view holder in WIDGET.
11-29 18:25:52.253 12373 12373 I ProactiveSuggestionsHolderManager: ProactiveSuggestionsHolderManager$2.display():226 Requesting to show proactive suggestions: CLIPBOARD PREEMPTIVE_WITH_SUPPRESSION in HEADER
11-29 18:25:52.257 12373 12373 I ProactiveSuggestionsHolderManager: ProactiveSuggestionsHolderManager$2.display():245 suggestions CLIPBOARD are pending to show on HEADER
11-29 18:25:52.257 12373 12373 I ProactiveSuggestionsHolderManager: ProactiveSuggestionsHolderManager$2.display():226 Requesting to show proactive suggestions: CLIPBOARD PREEMPTIVE_WITH_SUPPRESSION in FLOATING_CANDIDATES
11-29 18:25:52.261 12373 12373 I ProactiveSuggestionsHolderManager: ProactiveSuggestionsHolderManager$2.display():226 Requesting to show proactive suggestions: CLIPBOARD PREEMPTIVE_WITH_SUPPRESSION in WIDGET
11-29 18:25:52.261 12373 12373 I ProactiveSuggestionsHolderManager: ProactiveSuggestionsHolderManager$2.display():245 suggestions CLIPBOARD are pending to show on WIDGET
11-29 18:25:52.265 12373 12373 I HardKeyTracker: HardKeyTracker.unregisterKeySequence():221 Unregister key sequence nke{labelResId=2132020515, callback=cil@5989b87, lastModifier=2, keyCodes=[56], actions=[0]}
11-29 18:25:52.265 12373 12373 I HardKeyTracker: HardKeyTracker.unregisterKeySequence():221 Unregister key sequence nke{labelResId=2132020515, callback=cil@2c78ab4, lastModifier=0, keyCodes=[317], actions=[0]}
11-29 18:25:52.266 12373 12373 I HardKeyTracker: HardKeyTracker.registerKeySequence():170 Register key sequence nke{labelResId=2132020515, callback=cil@2ef5f37, lastModifier=2, keyCodes=[56], actions=[0]}
